<html>
<body>
<pre>
<h1>µVision Build Log</h1>
<h2>Tool Versions:</h2>
IDE-Version: µVision V5.24.2.0
Copyright (C) 2017 ARM Ltd and ARM Germany GmbH. All rights reserved.
License Information: max you, abc, LIC=----
 
Tool Versions:
Toolchain:       MDK-Lite  Version: 5.24.1
Toolchain Path:  C:\Keil_v5\ARM\ARMCC\Bin
C Compiler:      Armcc.exe V5.06 update 5 (build 528)
Assembler:       Armasm.exe V5.06 update 5 (build 528)
Linker/Locator:  ArmLink.exe V5.06 update 5 (build 528)
Library Manager: ArmAr.exe V5.06 update 5 (build 528)
Hex Converter:   FromElf.exe V5.06 update 5 (build 528)
CPU DLL:         SARMCM3.DLL V5.24.1
Dialog DLL:      DARMCM1.DLL V1.18.0.0
Target DLL:      STLink\ST-LINKIII-KEIL_SWO.dll V3.0.1.0
Dialog DLL:      TARMCM1.DLL V1.13.0.0
 
<h2>Project:</h2>
D:\GIT\MDK-ARM\usart.uvprojx
Project File Date:  02/12/2018

<h2>Output:</h2>
*** Using Compiler 'V5.06 update 5 (build 528)', folder: 'C:\Keil_v5\ARM\ARMCC\Bin'
Rebuild target 'usart'
compiling stm32f0xx_hal_gpio.c...
compiling stm32f0xx_hal_dma.c...
compiling stm32f0xx_hal_flash.c...
compiling stm32f0xx_hal_flash_ex.c...
compiling stm32f0xx_hal_cortex.c...
compiling stm32f0xx_hal_rcc.c...
compiling stm32f0xx_hal_tim_ex.c...
compiling stm32f0xx_hal_tim.c...
compiling stm32f0xx_hal_rcc_ex.c...
compiling stm32f0xx_hal_pwr_ex.c...
compiling stm32f0xx_hal_pwr.c...
compiling stm32f0xx_hal_uart_ex.c...
compiling stm32f0xx_hal_i2c_ex.c...
compiling stm32f0xx_hal.c...
compiling timers.c...
compiling croutine.c...
compiling heap_4.c...
compiling event_groups.c...
compiling tasks.c...
compiling list.c...
compiling stm32f0xx_hal_i2c.c...
compiling queue.c...
assembling startup_stm32f051x8.s...
compiling system_stm32f0xx.c...
compiling stm32f0xx_hal_uart.c...
compiling port.c...
compiling freertos.c...
compiling cmsis_os.c...
compiling stm32f0xx_hal_timebase_TIM.c...
compiling stm32f0xx_it.c...
compiling sms.c...
..\Src\sms.c(36): warning:  #167-D: argument of type "char *" is incompatible with parameter of type "uint8_t *"
  	HAL_UART_Transmit_IT(&huart2, text, strlen(text));
..\Src\sms.c(48): warning:  #940-D: missing return statement at end of non-void function "toNeoway" 
  };
..\Src\sms.c(100): warning:  #188-D: enumerated type mixed with another type
  		if ((strstr(RxBuffer,"RING")!=
ULL)&(strstr(RxBuffer,admin_number)!=
ULL)) HAL_GPIO_WritePin(
D4_GPIO_Port, 
D4_Pin,1);
..\Src\sms.c: 3 warnings, 0 errors
compiling stm32f0xx_hal_msp.c...
compiling main.c...
../Src/main.c(622): warning:  #188-D: enumerated type mixed with another type
  		if (commands&0x0001) HAL_GPIO_WritePin(
oor_GPIO_Port,
oor_Pin,1) ;
../Src/main.c(625): warning:  #188-D: enumerated type mixed with another type
  		if (commands&0x0002) HAL_GPIO_WritePin(
oor_GPIO_Port,
oor_Pin,0) ;
../Src/main.c(633): warning:  #188-D: enumerated type mixed with another type
  		if (commands&0x0020) HAL_GPIO_WritePin(
ng_GPIO_Port,
ng_Pin,1) ;//OUT_eng_main_on
../Src/main.c(635): warning:  #188-D: enumerated type mixed with another type
  		if (commands&0x0040) HAL_GPIO_WritePin(
ng_GPIO_Port,
ng_Pin,0) ;//OUT_eng_main_off
../Src/main.c(637): warning:  #188-D: enumerated type mixed with another type
  		if (commands&0x0080) HAL_GPIO_WritePin(
ng_add_GPIO_Port,
ng_add_Pin,1) ;//OUT_eng_additional_on
../Src/main.c(639): warning:  #188-D: enumerated type mixed with another type
  		if (commands&0x0100) HAL_GPIO_WritePin(
ng_add_GPIO_Port,
ng_add_Pin,0) ;//OUT_eng_additional_off
../Src/main.c(641): warning:  #188-D: enumerated type mixed with another type
  		if (commands&0x0200) HAL_GPIO_WritePin(
tarter_GPIO_Port,
tarter_Pin,1) ;//OUT_starter_on
../Src/main.c(643): warning:  #188-D: enumerated type mixed with another type
  		if (commands&0x0400) HAL_GPIO_WritePin(
tarter_GPIO_Port,
tarter_Pin,0) ;//OUT_starter_off
../Src/main.c(591): warning:  #550-D: variable "recieve_result"  was set but never used
  	portBASE_TYPE recieve_result;
../Src/main.c: 9 warnings, 0 errors
linking...
Program Size: Code=12744 RO-data=456 RW-data=208 ZI-data=7640  
"usart\usart.axf" - 0 Error(s), 12 Warning(s).

<h2>Software Packages used:</h2>

Package Vendor: ARM
                http://www.keil.com/pack/ARM.CMSIS.5.0.1.pack
                ARM.CMSIS.5.0.1
                CMSIS (Cortex Microcontroller Software Interface Standard)
   * Component: CORE Version: 5.0.1

Package Vendor: Keil
                http://www.keil.com/pack/Keil.STM32F0xx_DFP.1.5.0.pack
                Keil.STM32F0xx_DFP.1.5.0
                STMicroelectronics STM32F0 Series Device Support and Examples

<h2>Collection of Component include folders:</h2>
  .\RTE\_usart
  C:\Keil_v5\ARM\PACK\ARM\CMSIS\5.0.1\CMSIS\Include
  C:\Keil_v5\ARM\PACK\Keil\STM32F0xx_DFP\1.5.0\Device\Include

<h2>Collection of Component Files used:</h2>

   * Component: ARM::CMSIS:CORE:5.0.1
Build Time Elapsed:  00:00:08
</pre>
</body>
</html>
