Component: ARM Compiler 5.06 update 5 (build 528) Tool: armlink [4d35e2]

==============================================================================

Section Cross References

    stm32f0xx_hal_tim.o(i.HAL_TIM_Base_DeInit) refers to stm32f0xx_hal_tim.o(i.HAL_TIM_Base_MspDeInit) for HAL_TIM_Base_MspDeInit
    stm32f0xx_hal_tim.o(i.HAL_TIM_Base_Init) refers to stm32f0xx_hal_tim.o(i.HAL_TIM_Base_MspInit) for HAL_TIM_Base_MspInit
    stm32f0xx_hal_tim.o(i.HAL_TIM_Base_Init) refers to stm32f0xx_hal_tim.o(i.TIM_Base_SetConfig) for TIM_Base_SetConfig
    stm32f0xx_hal_tim.o(i.HAL_TIM_Base_Start_DMA) refers to stm32f0xx_hal_dma.o(i.HAL_DMA_Start_IT) for HAL_DMA_Start_IT
    stm32f0xx_hal_tim.o(i.HAL_TIM_Base_Start_DMA) refers to stm32f0xx_hal_tim.o(i.TIM_DMAPeriodElapsedCplt) for TIM_DMAPeriodElapsedCplt
    stm32f0xx_hal_tim.o(i.HAL_TIM_Base_Start_DMA) refers to stm32f0xx_hal_tim.o(i.TIM_DMAError) for TIM_DMAError
    stm32f0xx_hal_tim.o(i.HAL_TIM_ConfigClockSource) refers to stm32f0xx_hal_tim.o(i.TIM_ETR_SetConfig) for TIM_ETR_SetConfig
    stm32f0xx_hal_tim.o(i.HAL_TIM_ConfigClockSource) refers to stm32f0xx_hal_tim.o(i.TIM_TI1_ConfigInputStage) for TIM_TI1_ConfigInputStage
    stm32f0xx_hal_tim.o(i.HAL_TIM_ConfigClockSource) refers to stm32f0xx_hal_tim.o(i.TIM_TI2_ConfigInputStage) for TIM_TI2_ConfigInputStage
    stm32f0xx_hal_tim.o(i.HAL_TIM_ConfigClockSource) refers to stm32f0xx_hal_tim.o(i.TIM_ITRx_SetConfig) for TIM_ITRx_SetConfig
    stm32f0xx_hal_tim.o(i.HAL_TIM_ConfigOCrefClear) refers to stm32f0xx_hal_tim.o(i.TIM_ETR_SetConfig) for TIM_ETR_SetConfig
    stm32f0xx_hal_tim.o(i.HAL_TIM_DMABurst_MultiReadStart) refers to stm32f0xx_hal_dma.o(i.HAL_DMA_Start_IT) for HAL_DMA_Start_IT
    stm32f0xx_hal_tim.o(i.HAL_TIM_DMABurst_MultiReadStart) refers to stm32f0xx_hal_tim.o(i.TIM_DMAError) for TIM_DMAError
    stm32f0xx_hal_tim.o(i.HAL_TIM_DMABurst_MultiReadStart) refers to stm32f0xx_hal_tim.o(i.TIM_DMACaptureCplt) for TIM_DMACaptureCplt
    stm32f0xx_hal_tim.o(i.HAL_TIM_DMABurst_MultiReadStart) refers to stm32f0xx_hal_tim.o(i.TIM_DMATriggerCplt) for TIM_DMATriggerCplt
    stm32f0xx_hal_tim.o(i.HAL_TIM_DMABurst_MultiReadStart) refers to stm32f0xx_hal_tim.o(i.TIM_DMAPeriodElapsedCplt) for TIM_DMAPeriodElapsedCplt
    stm32f0xx_hal_tim.o(i.HAL_TIM_DMABurst_MultiReadStart) refers to stm32f0xx_hal_tim_ex.o(i.TIMEx_DMACommutationCplt) for TIMEx_DMACommutationCplt
    stm32f0xx_hal_tim.o(i.HAL_TIM_DMABurst_MultiWriteStart) refers to stm32f0xx_hal_dma.o(i.HAL_DMA_Start_IT) for HAL_DMA_Start_IT
    stm32f0xx_hal_tim.o(i.HAL_TIM_DMABurst_MultiWriteStart) refers to stm32f0xx_hal_tim.o(i.TIM_DMAError) for TIM_DMAError
    stm32f0xx_hal_tim.o(i.HAL_TIM_DMABurst_MultiWriteStart) refers to stm32f0xx_hal_tim.o(i.TIM_DMADelayPulseCplt) for TIM_DMADelayPulseCplt
    stm32f0xx_hal_tim.o(i.HAL_TIM_DMABurst_MultiWriteStart) refers to stm32f0xx_hal_tim.o(i.TIM_DMATriggerCplt) for TIM_DMATriggerCplt
    stm32f0xx_hal_tim.o(i.HAL_TIM_DMABurst_MultiWriteStart) refers to stm32f0xx_hal_tim.o(i.TIM_DMAPeriodElapsedCplt) for TIM_DMAPeriodElapsedCplt
    stm32f0xx_hal_tim.o(i.HAL_TIM_DMABurst_MultiWriteStart) refers to stm32f0xx_hal_tim_ex.o(i.TIMEx_DMACommutationCplt) for TIMEx_DMACommutationCplt
    stm32f0xx_hal_tim.o(i.HAL_TIM_DMABurst_ReadStart) refers to stm32f0xx_hal_tim.o(i.HAL_TIM_DMABurst_MultiReadStart) for HAL_TIM_DMABurst_MultiReadStart
    stm32f0xx_hal_tim.o(i.HAL_TIM_DMABurst_ReadStop) refers to stm32f0xx_hal_dma.o(i.HAL_DMA_Abort) for HAL_DMA_Abort
    stm32f0xx_hal_tim.o(i.HAL_TIM_DMABurst_WriteStart) refers to stm32f0xx_hal_tim.o(i.HAL_TIM_DMABurst_MultiWriteStart) for HAL_TIM_DMABurst_MultiWriteStart
    stm32f0xx_hal_tim.o(i.HAL_TIM_DMABurst_WriteStop) refers to stm32f0xx_hal_dma.o(i.HAL_DMA_Abort) for HAL_DMA_Abort
    stm32f0xx_hal_tim.o(i.HAL_TIM_Encoder_DeInit) refers to stm32f0xx_hal_tim.o(i.HAL_TIM_Encoder_MspDeInit) for HAL_TIM_Encoder_MspDeInit
    stm32f0xx_hal_tim.o(i.HAL_TIM_Encoder_Init) refers to stm32f0xx_hal_tim.o(i.HAL_TIM_Encoder_MspInit) for HAL_TIM_Encoder_MspInit
    stm32f0xx_hal_tim.o(i.HAL_TIM_Encoder_Init) refers to stm32f0xx_hal_tim.o(i.TIM_Base_SetConfig) for TIM_Base_SetConfig
    stm32f0xx_hal_tim.o(i.HAL_TIM_Encoder_Start) refers to stm32f0xx_hal_tim.o(i.TIM_CCxChannelCmd) for TIM_CCxChannelCmd
    stm32f0xx_hal_tim.o(i.HAL_TIM_Encoder_Start_DMA) refers to stm32f0xx_hal_dma.o(i.HAL_DMA_Start_IT) for HAL_DMA_Start_IT
    stm32f0xx_hal_tim.o(i.HAL_TIM_Encoder_Start_DMA) refers to stm32f0xx_hal_tim.o(i.TIM_CCxChannelCmd) for TIM_CCxChannelCmd
    stm32f0xx_hal_tim.o(i.HAL_TIM_Encoder_Start_DMA) refers to stm32f0xx_hal_tim.o(i.TIM_DMACaptureCplt) for TIM_DMACaptureCplt
    stm32f0xx_hal_tim.o(i.HAL_TIM_Encoder_Start_DMA) refers to stm32f0xx_hal_tim.o(i.TIM_DMAError) for TIM_DMAError
    stm32f0xx_hal_tim.o(i.HAL_TIM_Encoder_Start_IT) refers to stm32f0xx_hal_tim.o(i.TIM_CCxChannelCmd) for TIM_CCxChannelCmd
[...]
    Removing stm32f0xx_hal_pwr.o(i.HAL_PWR_EnterSTANDBYMode), (32 bytes).
    Removing stm32f0xx_hal_pwr.o(i.HAL_PWR_EnterSTOPMode), (52 bytes).
    Removing stm32f0xx_hal_i2c_ex.o(.rev16_text), (4 bytes).
    Removing stm32f0xx_hal_i2c_ex.o(.revsh_text), (4 bytes).
    Removing stm32f0xx_hal_i2c_ex.o(i.HAL_I2CEx_ConfigAnalogFilter), (74 bytes).
    Removing stm32f0xx_hal_i2c_ex.o(i.HAL_I2CEx_ConfigDigitalFilter), (72 bytes).
    Removing stm32f0xx_hal_i2c_ex.o(i.HAL_I2CEx_DisableFastModePlus), (36 bytes).
    Removing stm32f0xx_hal_i2c_ex.o(i.HAL_I2CEx_DisableWakeUp), (66 bytes).
    Removing stm32f0xx_hal_i2c_ex.o(i.HAL_I2CEx_EnableFastModePlus), (36 bytes).
    Removing stm32f0xx_hal_i2c_ex.o(i.HAL_I2CEx_EnableWakeUp), (66 bytes).
    Removing stm32f0xx_hal.o(.rev16_text), (4 bytes).
    Removing stm32f0xx_hal.o(.revsh_text), (4 bytes).
    Removing stm32f0xx_hal.o(i.HAL_DBGMCU_DisableDBGStandbyMode), (16 bytes).
    Removing stm32f0xx_hal.o(i.HAL_DBGMCU_DisableDBGStopMode), (16 bytes).
    Removing stm32f0xx_hal.o(i.HAL_DBGMCU_EnableDBGStandbyMode), (16 bytes).
    Removing stm32f0xx_hal.o(i.HAL_DBGMCU_EnableDBGStopMode), (16 bytes).
    Removing stm32f0xx_hal.o(i.HAL_DeInit), (36 bytes).
    Removing stm32f0xx_hal.o(i.HAL_Delay), (28 bytes).
    Removing stm32f0xx_hal.o(i.HAL_GetDEVID), (16 bytes).
    Removing stm32f0xx_hal.o(i.HAL_GetHalVersion), (8 bytes).
    Removing stm32f0xx_hal.o(i.HAL_GetREVID), (12 bytes).
    Removing stm32f0xx_hal.o(i.HAL_GetUIDw0), (12 bytes).
    Removing stm32f0xx_hal.o(i.HAL_GetUIDw1), (12 bytes).
    Removing stm32f0xx_hal.o(i.HAL_GetUIDw2), (12 bytes).
    Removing stm32f0xx_hal.o(i.HAL_InitTick), (34 bytes).
    Removing stm32f0xx_hal.o(i.HAL_MspDeInit), (2 bytes).
    Removing stm32f0xx_hal.o(i.HAL_MspInit), (2 bytes).
    Removing stm32f0xx_hal.o(i.HAL_ResumeTick), (16 bytes).
    Removing stm32f0xx_hal.o(i.HAL_SuspendTick), (16 bytes).
    Removing stm32f0xx_hal_uart_ex.o(.rev16_text), (4 bytes).
    Removing stm32f0xx_hal_uart_ex.o(.revsh_text), (4 bytes).
    Removing stm32f0xx_hal_uart_ex.o(i.HAL_LIN_Init), (146 bytes).
    Removing stm32f0xx_hal_uart_ex.o(i.HAL_LIN_SendBreak), (42 bytes).
    Removing stm32f0xx_hal_uart_ex.o(i.HAL_MultiProcessorEx_AddressLength_Set), (54 bytes).
    Removing stm32f0xx_hal_uart_ex.o(i.HAL_RS485Ex_Init), (144 bytes).
    Removing stm32f0xx_hal_uart_ex.o(i.HAL_UARTEx_DisableStopMode), (42 bytes).
    Removing stm32f0xx_hal_uart_ex.o(i.HAL_UARTEx_EnableStopMode), (42 bytes).
    Removing stm32f0xx_hal_uart_ex.o(i.HAL_UARTEx_StopModeWakeUpSourceConfig), (152 bytes).
    Removing stm32f0xx_hal_uart.o(.rev16_text), (4 bytes).
    Removing stm32f0xx_hal_uart.o(.revsh_text), (4 bytes).
    Removing stm32f0xx_hal_uart.o(i.HAL_HalfDuplex_EnableReceiver), (54 bytes).
    Removing stm32f0xx_hal_uart.o(i.HAL_HalfDuplex_EnableTransmitter), (54 bytes).
    Removing stm32f0xx_hal_uart.o(i.HAL_HalfDuplex_Init), (118 bytes).
    Removing stm32f0xx_hal_uart.o(i.HAL_MultiProcessor_DisableMuteMode), (46 bytes).
    Removing stm32f0xx_hal_uart.o(i.HAL_MultiProcessor_EnableMuteMode), (46 bytes).
    Removing stm32f0xx_hal_uart.o(i.HAL_MultiProcessor_EnterMuteMode), (12 bytes).
    Removing stm32f0xx_hal_uart.o(i.HAL_MultiProcessor_Init), (144 bytes).
    Removing stm32f0xx_hal_uart.o(i.HAL_UART_Abort), (120 bytes).
    Removing stm32f0xx_hal_uart.o(i.HAL_UART_AbortCpltCallback), (2 bytes).
    Removing stm32f0xx_hal_uart.o(i.HAL_UART_AbortReceive), (80 bytes).
    Removing stm32f0xx_hal_uart.o(i.HAL_UART_AbortReceiveCpltCallback), (2 bytes).
    Removing stm32f0xx_hal_uart.o(i.HAL_UART_AbortReceive_IT), (116 bytes).
    Removing stm32f0xx_hal_uart.o(i.HAL_UART_AbortTransmit), (62 bytes).
    Removing stm32f0xx_hal_uart.o(i.HAL_UART_AbortTransmitCpltCallback), (2 bytes).
    Removing stm32f0xx_hal_uart.o(i.HAL_UART_AbortTransmit_IT), (92 bytes).
    Removing stm32f0xx_hal_uart.o(i.HAL_UART_Abort_IT), (196 bytes).
    Removing stm32f0xx_hal_uart.o(i.HAL_UART_DMAPause), (94 bytes).
    Removing stm32f0xx_hal_uart.o(i.HAL_UART_DMAResume), (86 bytes).
    Removing stm32f0xx_hal_uart.o(i.HAL_UART_DMAStop), (88 bytes).
    Removing stm32f0xx_hal_uart.o(i.HAL_UART_DeInit), (62 bytes).
    Removing stm32f0xx_hal_uart.o(i.HAL_UART_GetError), (4 bytes).
    Removing stm32f0xx_hal_uart.o(i.HAL_UART_GetState), (12 bytes).
    Removing stm32f0xx_hal_uart.o(i.HAL_UART_MspDeInit), (2 bytes).
    Removing stm32f0xx_hal_uart.o(i.HAL_UART_MspInit), (2 bytes).
    Removing stm32f0xx_hal_uart.o(i.HAL_UART_Receive), (228 bytes).
    Removing stm32f0xx_hal_uart.o(i.HAL_UART_Receive_DMA), (164 bytes).
    Removing stm32f0xx_hal_uart.o(i.HAL_UART_RxCpltCallback), (2 bytes).
    Removing stm32f0xx_hal_uart.o(i.HAL_UART_RxHalfCpltCallback), (2 bytes).
    Removing stm32f0xx_hal_uart.o(i.HAL_UART_Transmit), (200 bytes).
    Removing stm32f0xx_hal_uart.o(i.HAL_UART_Transmit_DMA), (152 bytes).
    Removing stm32f0xx_hal_uart.o(i.HAL_UART_TxHalfCpltCallback), (2 bytes).
    Removing stm32f0xx_hal_uart.o(i.UART_DMAError), (74 bytes).
    Removing stm32f0xx_hal_uart.o(i.UART_DMAReceiveCplt), (64 bytes).
    Removing stm32f0xx_hal_uart.o(i.UART_DMARxAbortCallback), (54 bytes).
    Removing stm32f0xx_hal_uart.o(i.UART_DMARxHalfCplt), (10 bytes).
    Removing stm32f0xx_hal_uart.o(i.UART_DMARxOnlyAbortCallback), (28 bytes).
    Removing stm32f0xx_hal_uart.o(i.UART_DMATransmitCplt), (48 bytes).
    Removing stm32f0xx_hal_uart.o(i.UART_DMATxAbortCallback), (54 bytes).
    Removing stm32f0xx_hal_uart.o(i.UART_DMATxHalfCplt), (10 bytes).
    Removing stm32f0xx_hal_uart.o(i.UART_DMATxOnlyAbortCallback), (22 bytes).
    Removing stm32f0xx_hal_uart.o(i.UART_EndTxTransfer), (18 bytes).
    Removing system_stm32f0xx.o(.rev16_text), (4 bytes).
    Removing system_stm32f0xx.o(.revsh_text), (4 bytes).
    Removing system_stm32f0xx.o(i.SystemCoreClockUpdate), (108 bytes).
    Removing tasks.o(i.pcTaskGetName), (24 bytes).
    Removing tasks.o(i.prvTaskIsTaskSuspended), (44 bytes).
    Removing tasks.o(i.ulTaskNotifyTake), (96 bytes).
    Removing tasks.o(i.uxTaskGetNumberOfTasks), (12 bytes).
    Removing tasks.o(i.uxTaskPriorityGet), (32 bytes).
    Removing tasks.o(i.uxTaskPriorityGetFromISR), (32 bytes).
    Removing tasks.o(i.uxTaskResetEventItemValue), (24 bytes).
    Removing tasks.o(i.vTaskDelayUntil), (92 bytes).
    Removing tasks.o(i.vTaskDelete), (120 bytes).
    Removing tasks.o(i.vTaskEndScheduler), (20 bytes).
    Removing tasks.o(i.vTaskNotifyGiveFromISR), (140 bytes).
    Removing tasks.o(i.vTaskPlaceOnUnorderedEventList), (60 bytes).
    Removing tasks.o(i.vTaskPrioritySet), (148 bytes).
    Removing tasks.o(i.vTaskResume), (92 bytes).
    Removing tasks.o(i.vTaskSuspend), (124 bytes).
    Removing tasks.o(i.xTaskGenericNotify), (168 bytes).
    Removing tasks.o(i.xTaskGenericNotifyFromISR), (196 bytes).
    Removing tasks.o(i.xTaskGetCurrentTaskHandle), (12 bytes).
    Removing tasks.o(i.xTaskGetTickCount), (12 bytes).
    Removing tasks.o(i.xTaskGetTickCountFromISR), (12 bytes).
    Removing tasks.o(i.xTaskNotifyStateClear), (48 bytes).
    Removing tasks.o(i.xTaskNotifyWait), (124 bytes).
    Removing tasks.o(i.xTaskRemoveFromUnorderedEventList), (96 bytes).
    Removing tasks.o(i.xTaskResumeFromISR), (108 bytes).
    Removing heap_4.o(i.vPortInitialiseBlocks), (2 bytes).
    Removing heap_4.o(i.xPortGetFreeHeapSize), (12 bytes).
    Removing heap_4.o(i.xPortGetMinimumEverFreeHeapSize), (12 bytes).
    Removing event_groups.o(i.prvTestWaitCondition), (22 bytes).
    Removing event_groups.o(i.vEventGroupClearBitsCallback), (8 bytes).
    Removing event_groups.o(i.vEventGroupDelete), (54 bytes).
    Removing event_groups.o(i.vEventGroupSetBitsCallback), (8 bytes).
    Removing event_groups.o(i.xEventGroupClearBits), (40 bytes).
    Removing event_groups.o(i.xEventGroupCreate), (26 bytes).
    Removing event_groups.o(i.xEventGroupGetBitsFromISR), (18 bytes).
    Removing event_groups.o(i.xEventGroupSetBits), (116 bytes).
    Removing event_groups.o(i.xEventGroupSync), (164 bytes).
    Removing event_groups.o(i.xEventGroupWaitBits), (204 bytes).
    Removing port.o(i.vPortEndScheduler), (24 bytes).
    Removing queue.o(i.pcQueueGetName), (40 bytes).
    Removing queue.o(i.uxQueueMessagesWaiting), (24 bytes).
    Removing queue.o(i.uxQueueMessagesWaitingFromISR), (12 bytes).
    Removing queue.o(i.uxQueueSpacesAvailable), (28 bytes).
    Removing queue.o(i.vQueueAddToRegistry), (36 bytes).
    Removing queue.o(i.vQueueDelete), (22 bytes).
    Removing queue.o(i.vQueueUnregisterQueue), (40 bytes).
    Removing queue.o(i.xQueueCreateMutex), (36 bytes).
    Removing queue.o(i.xQueueGiveFromISR), (116 bytes).
    Removing queue.o(i.xQueueIsQueueEmptyFromISR), (22 bytes).
    Removing queue.o(i.xQueueIsQueueFullFromISR), (24 bytes).
    Removing queue.o(i.xQueuePeekFromISR), (76 bytes).
    Removing queue.o(i.xQueueReceiveFromISR), (120 bytes).
    Removing queue.o(.bss), (64 bytes).
    Removing cmsis_os.o(.rev16_text), (4 bytes).
    Removing cmsis_os.o(.revsh_text), (4 bytes).
    Removing cmsis_os.o(i.inHandlerMode), (12 bytes).
    Removing cmsis_os.o(i.makeCmsisPriority), (14 bytes).
    Removing cmsis_os.o(i.osAbortDelay), (4 bytes).
    Removing cmsis_os.o(i.osDelayUntil), (16 bytes).
    Removing cmsis_os.o(i.osKernelRunning), (18 bytes).
    Removing cmsis_os.o(i.osKernelSysTick), (22 bytes).
    Removing cmsis_os.o(i.osMailAlloc), (14 bytes).
    Removing cmsis_os.o(i.osMailCAlloc), (32 bytes).
    Removing cmsis_os.o(i.osMailCreate), (92 bytes).
    Removing cmsis_os.o(i.osMailFree), (18 bytes).
    Removing cmsis_os.o(i.osMailGet), (140 bytes).
    Removing cmsis_os.o(i.osMailPut), (88 bytes).
    Removing cmsis_os.o(i.osMessageAvailableSpace), (8 bytes).
    Removing cmsis_os.o(i.osMessageDelete), (26 bytes).
    Removing cmsis_os.o(i.osMessageGet), (144 bytes).
    Removing cmsis_os.o(i.osMessagePeek), (78 bytes).
    Removing cmsis_os.o(i.osMessagePut), (88 bytes).
    Removing cmsis_os.o(i.osMessageWaiting), (26 bytes).
    Removing cmsis_os.o(i.osMutexCreate), (10 bytes).
    Removing cmsis_os.o(i.osMutexDelete), (26 bytes).
    Removing cmsis_os.o(i.osMutexRelease), (76 bytes).
    Removing cmsis_os.o(i.osMutexWait), (104 bytes).
    Removing cmsis_os.o(i.osPoolAlloc), (100 bytes).
    Removing cmsis_os.o(i.osPoolCAlloc), (20 bytes).
    Removing cmsis_os.o(i.osPoolCreate), (94 bytes).
    Removing cmsis_os.o(i.osPoolFree), (48 bytes).
    Removing cmsis_os.o(i.osRecursiveMutexCreate), (4 bytes).
    Removing cmsis_os.o(i.osRecursiveMutexRelease), (4 bytes).
    Removing cmsis_os.o(i.osRecursiveMutexWait), (4 bytes).
    Removing cmsis_os.o(i.osSemaphoreDelete), (26 bytes).
    Removing cmsis_os.o(i.osSemaphoreGetCount), (8 bytes).
    Removing cmsis_os.o(i.osSemaphoreRelease), (76 bytes).
    Removing cmsis_os.o(i.osSemaphoreWait), (104 bytes).
    Removing cmsis_os.o(i.osSignalSet), (88 bytes).
    Removing cmsis_os.o(i.osSignalWait), (90 bytes).
    Removing cmsis_os.o(i.osThreadGetId), (8 bytes).
    Removing cmsis_os.o(i.osThreadGetPriority), (30 bytes).
    Removing cmsis_os.o(i.osThreadList), (4 bytes).
    Removing cmsis_os.o(i.osThreadResume), (44 bytes).
    Removing cmsis_os.o(i.osThreadResumeAll), (18 bytes).
    Removing cmsis_os.o(i.osThreadSetPriority), (22 bytes).
    Removing cmsis_os.o(i.osThreadSuspend), (10 bytes).
    Removing cmsis_os.o(i.osThreadSuspendAll), (10 bytes).
    Removing cmsis_os.o(i.osThreadTerminate), (10 bytes).
    Removing cmsis_os.o(i.osThreadYield), (10 bytes).
    Removing cmsis_os.o(i.osTimerCreate), (4 bytes).
    Removing cmsis_os.o(i.osTimerDelete), (4 bytes).
    Removing cmsis_os.o(i.osTimerStart), (4 bytes).
    Removing cmsis_os.o(i.osTimerStop), (4 bytes).
    Removing startup_stm32f051x8.o(HEAP), (512 bytes).
    Removing stm32f0xx_it.o(.rev16_text), (4 bytes).
    Removing stm32f0xx_it.o(.revsh_text), (4 bytes).
    Removing main.o(.rev16_text), (4 bytes).
    Removing main.o(.revsh_text), (4 bytes).
    Removing main.o(i._Error_Handler), (2 bytes).
    Removing stm32f0xx_hal_timebase_tim.o(.rev16_text), (4 bytes).
    Removing stm32f0xx_hal_timebase_tim.o(.revsh_text), (4 bytes).
    Removing stm32f0xx_hal_timebase_tim.o(i.HAL_ResumeTick), (20 bytes).
    Removing stm32f0xx_hal_timebase_tim.o(i.HAL_SuspendTick), (20 bytes).
    Removing stm32f0xx_hal_timebase_tim.o(.data), (4 bytes).
    Removing stm32f0xx_hal_msp.o(.rev16_text), (4 bytes).
    Removing stm32f0xx_hal_msp.o(.revsh_text), (4 bytes).
    Removing stm32f0xx_hal_msp.o(i.HAL_UART_MspDeInit), (48 bytes).
    Removing sms.o(.rev16_text), (4 bytes).
    Removing sms.o(.revsh_text), (4 bytes).

510 unused section(s) (total 33596 bytes) removed from the image.

==============================================================================

Image Symbol Table

    Local Symbols

    Symbol Name                              Value     Ov Type        Size  Object(Section)

    ../Drivers/STM32F0xx_HAL_Driver/Src/stm32f0xx_hal.c 0x00000000   Number         0  stm32f0xx_hal.o ABSOLUTE
    ../Drivers/STM32F0xx_HAL_Driver/Src/stm32f0xx_hal_cortex.c 0x00000000   Number         0  stm32f0xx_hal_cortex.o ABSOLUTE
    ../Drivers/STM32F0xx_HAL_Driver/Src/stm32f0xx_hal_dma.c 0x00000000   Number         0  stm32f0xx_hal_dma.o ABSOLUTE
    ../Drivers/STM32F0xx_HAL_Driver/Src/stm32f0xx_hal_flash.c 0x00000000   Number         0  stm32f0xx_hal_flash.o ABSOLUTE
    ../Drivers/STM32F0xx_HAL_Driver/Src/stm32f0xx_hal_flash_ex.c 0x00000000   Number         0  stm32f0xx_hal_flash_ex.o ABSOLUTE
    ../Drivers/STM32F0xx_HAL_Driver/Src/stm32f0xx_hal_gpio.c 0x00000000   Number         0  stm32f0xx_hal_gpio.o ABSOLUTE
    ../Drivers/STM32F0xx_HAL_Driver/Src/stm32f0xx_hal_i2c.c 0x00000000   Number         0  stm32f0xx_hal_i2c.o ABSOLUTE
    ../Drivers/STM32F0xx_HAL_Driver/Src/stm32f0xx_hal_i2c_ex.c 0x00000000   Number         0  stm32f0xx_hal_i2c_ex.o ABSOLUTE
    ../Drivers/STM32F0xx_HAL_Driver/Src/stm32f0xx_hal_pwr.c 0x00000000   Number         0  stm32f0xx_hal_pwr.o ABSOLUTE
    ../Drivers/STM32F0xx_HAL_Driver/Src/stm32f0xx_hal_pwr_ex.c 0x00000000   Number         0  stm32f0xx_hal_pwr_ex.o ABSOLUTE
    ../Drivers/STM32F0xx_HAL_Driver/Src/stm32f0xx_hal_rcc.c 0x00000000   Number         0  stm32f0xx_hal_rcc.o ABSOLUTE
    ../Drivers/STM32F0xx_HAL_Driver/Src/stm32f0xx_hal_rcc_ex.c 0x00000000   Number         0  stm32f0xx_hal_rcc_ex.o ABSOLUTE
    ../Drivers/STM32F0xx_HAL_Driver/Src/stm32f0xx_hal_tim.c 0x00000000   Number         0  stm32f0xx_hal_tim.o ABSOLUTE
    ../Drivers/STM32F0xx_HAL_Driver/Src/stm32f0xx_hal_tim_ex.c 0x00000000   Number         0  stm32f0xx_hal_tim_ex.o ABSOLUTE
    ../Drivers/STM32F0xx_HAL_Driver/Src/stm32f0xx_hal_uart.c 0x00000000   Number         0  stm32f0xx_hal_uart.o ABSOLUTE
    ../Drivers/STM32F0xx_HAL_Driver/Src/stm32f0xx_hal_uart_ex.c 0x00000000   Number         0  stm32f0xx_hal_uart_ex.o ABSOLUTE
    ../Middlewares/Third_Party/FreeRTOS/Source/CMSIS_RTOS/cmsis_os.c 0x00000000   Number         0  cmsis_os.o ABSOLUTE
    ../Middlewares/Third_Party/FreeRTOS/Source/croutine.c 0x00000000   Number         0  croutine.o ABSOLUTE
    ../Middlewares/Third_Party/FreeRTOS/Source/event_groups.c 0x00000000   Number         0  event_groups.o ABSOLUTE
    ../Middlewares/Third_Party/FreeRTOS/Source/list.c 0x00000000   Number         0  list.o ABSOLUTE
    ../Middlewares/Third_Party/FreeRTOS/Source/portable/MemMang/heap_4.c 0x00000000   Number         0  heap_4.o ABSOLUTE
    ../Middlewares/Third_Party/FreeRTOS/Source/portable/RVDS/ARM_CM0/port.c 0x00000000   Number         0  port.o ABSOLUTE
    ../Middlewares/Third_Party/FreeRTOS/Source/queue.c 0x00000000   Number         0  queue.o ABSOLUTE
    ../Middlewares/Third_Party/FreeRTOS/Source/tasks.c 0x00000000   Number         0  tasks.o ABSOLUTE
    ../Middlewares/Third_Party/FreeRTOS/Source/timers.c 0x00000000   Number         0  timers.o ABSOLUTE
    ../Src/freertos.c                        0x00000000   Number         0  freertos.o ABSOLUTE
    ../Src/main.c                            0x00000000   Number         0  main.o ABSOLUTE
    ../Src/stm32f0xx_hal_msp.c               0x00000000   Number         0  stm32f0xx_hal_msp.o ABSOLUTE
    ../Src/stm32f0xx_hal_timebase_TIM.c      0x00000000   Number         0  stm32f0xx_hal_timebase_tim.o ABSOLUTE
    ../Src/stm32f0xx_it.c                    0x00000000   Number         0  stm32f0xx_it.o ABSOLUTE
    ../Src/system_stm32f0xx.c                0x00000000   Number         0  system_stm32f0xx.o ABSOLUTE
    ../clib/microlib/division.c              0x00000000   Number         0  uidiv.o ABSOLUTE
    ../clib/microlib/init/entry.s            0x00000000   Number         0  entry9b.o ABSOLUTE
    ../clib/microlib/init/entry.s            0x00000000   Number         0  entry10a.o ABSOLUTE
    ../clib/microlib/init/entry.s            0x00000000   Number         0  entry5.o ABSOLUTE
    ../clib/microlib/init/entry.s            0x00000000   Number         0  entry.o ABSOLUTE
    ../clib/microlib/init/entry.s            0x00000000   Number         0  entry9a.o ABSOLUTE
    ../clib/microlib/init/entry.s            0x00000000   Number         0  entry11a.o ABSOLUTE
    ../clib/microlib/init/entry.s            0x00000000   Number         0  entry8b.o ABSOLUTE
    ../clib/microlib/init/entry.s            0x00000000   Number         0  entry8a.o ABSOLUTE
    ../clib/microlib/init/entry.s            0x00000000   Number         0  entry10b.o ABSOLUTE
    ../clib/microlib/init/entry.s            0x00000000   Number         0  entry7b.o ABSOLUTE
    ../clib/microlib/init/entry.s            0x00000000   Number         0  entry11b.o ABSOLUTE
    ../clib/microlib/init/entry.s            0x00000000   Number         0  entry7a.o ABSOLUTE
    ../clib/microlib/init/entry.s            0x00000000   Number         0  entry2.o ABSOLUTE
    ../clib/microlib/longlong.c              0x00000000   Number         0  llushr.o ABSOLUTE
    ../clib/microlib/string/memcpy.c         0x00000000   Number         0  memcpyb.o ABSOLUTE
    ../clib/microlib/string/memcpy.c         0x00000000   Number         0  memcpya.o ABSOLUTE
    ../clib/microlib/string/memset.c         0x00000000   Number         0  memseta.o ABSOLUTE
    ../clib/microlib/string/strcat.c         0x00000000   Number         0  strcat.o ABSOLUTE
    ../clib/microlib/string/strcmp.c         0x00000000   Number         0  strcmp.o ABSOLUTE
    ../clib/microlib/string/strcpy.c         0x00000000   Number         0  strcpy.o ABSOLUTE
    ../clib/microlib/string/strlen.c         0x00000000   Number         0  strlen.o ABSOLUTE
    ../clib/microlib/string/strstr.c         0x00000000   Number         0  strstr.o ABSOLUTE
    ..\Drivers\STM32F0xx_HAL_Driver\Src\stm32f0xx_hal.c 0x00000000   Number         0  stm32f0xx_hal.o ABSOLUTE
    ..\Drivers\STM32F0xx_HAL_Driver\Src\stm32f0xx_hal_cortex.c 0x00000000   Number         0  stm32f0xx_hal_cortex.o ABSOLUTE
    ..\Drivers\STM32F0xx_HAL_Driver\Src\stm32f0xx_hal_dma.c 0x00000000   Number         0  stm32f0xx_hal_dma.o ABSOLUTE
    ..\Drivers\STM32F0xx_HAL_Driver\Src\stm32f0xx_hal_flash.c 0x00000000   Number         0  stm32f0xx_hal_flash.o ABSOLUTE
    ..\Drivers\STM32F0xx_HAL_Driver\Src\stm32f0xx_hal_flash_ex.c 0x00000000   Number         0  stm32f0xx_hal_flash_ex.o ABSOLUTE
    ..\Drivers\STM32F0xx_HAL_Driver\Src\stm32f0xx_hal_gpio.c 0x00000000   Number         0  stm32f0xx_hal_gpio.o ABSOLUTE
    ..\Drivers\STM32F0xx_HAL_Driver\Src\stm32f0xx_hal_i2c.c 0x00000000   Number         0  stm32f0xx_hal_i2c.o ABSOLUTE
    ..\Drivers\STM32F0xx_HAL_Driver\Src\stm32f0xx_hal_i2c_ex.c 0x00000000   Number         0  stm32f0xx_hal_i2c_ex.o ABSOLUTE
    ..\Drivers\STM32F0xx_HAL_Driver\Src\stm32f0xx_hal_pwr.c 0x00000000   Number         0  stm32f0xx_hal_pwr.o ABSOLUTE
    ..\Drivers\STM32F0xx_HAL_Driver\Src\stm32f0xx_hal_pwr_ex.c 0x00000000   Number         0  stm32f0xx_hal_pwr_ex.o ABSOLUTE
    ..\Drivers\STM32F0xx_HAL_Driver\Src\stm32f0xx_hal_rcc.c 0x00000000   Number         0  stm32f0xx_hal_rcc.o ABSOLUTE
    ..\Drivers\STM32F0xx_HAL_Driver\Src\stm32f0xx_hal_rcc_ex.c 0x00000000   Number         0  stm32f0xx_hal_rcc_ex.o ABSOLUTE
    ..\Drivers\STM32F0xx_HAL_Driver\Src\stm32f0xx_hal_tim.c 0x00000000   Number         0  stm32f0xx_hal_tim.o ABSOLUTE
    ..\Drivers\STM32F0xx_HAL_Driver\Src\stm32f0xx_hal_tim_ex.c 0x00000000   Number         0  stm32f0xx_hal_tim_ex.o ABSOLUTE
    ..\Drivers\STM32F0xx_HAL_Driver\Src\stm32f0xx_hal_uart.c 0x00000000   Number         0  stm32f0xx_hal_uart.o ABSOLUTE
    ..\Drivers\STM32F0xx_HAL_Driver\Src\stm32f0xx_hal_uart_ex.c 0x00000000   Number         0  stm32f0xx_hal_uart_ex.o ABSOLUTE
    ..\Middlewares\Third_Party\FreeRTOS\Source\CMSIS_RTOS\cmsis_os.c 0x00000000   Number         0  cmsis_os.o ABSOLUTE
    ..\Middlewares\Third_Party\FreeRTOS\Source\portable\RVDS\ARM_CM0\port.c 0x00000000   Number         0  port.o ABSOLUTE
    ..\Src\main.c                            0x00000000   Number         0  main.o ABSOLUTE
    ..\Src\sms.c                             0x00000000   Number         0  sms.o ABSOLUTE
    ..\Src\stm32f0xx_hal_msp.c               0x00000000   Number         0  stm32f0xx_hal_msp.o ABSOLUTE
    ..\Src\stm32f0xx_hal_timebase_TIM.c      0x00000000   Number         0  stm32f0xx_hal_timebase_tim.o ABSOLUTE
    ..\Src\stm32f0xx_it.c                    0x00000000   Number         0  stm32f0xx_it.o ABSOLUTE
    ..\Src\system_stm32f0xx.c                0x00000000   Number         0  system_stm32f0xx.o ABSOLUTE
    ..\\Src\\sms.c                           0x00000000   Number         0  sms.o ABSOLUTE
    dc.s                                     0x00000000   Number         0  dc.o ABSOLUTE
    handlers.s                               0x00000000   Number         0  handlers.o ABSOLUTE
    init.s                                   0x00000000   Number         0  init.o ABSOLUTE
    startup_stm32f051x8.s                    0x00000000   Number         0  startup_stm32f051x8.o ABSOLUTE
    RESET                                    0x08000000   Section      188  startup_stm32f051x8.o(RESET)
    .ARM.Collect$$$$00000000                 0x080000bc   Section        0  entry.o(.ARM.Collect$$$$00000000)
    .ARM.Collect$$$$00000001                 0x080000bc   Section        4  entry2.o(.ARM.Collect$$$$00000001)
    .ARM.Collect$$$$00000004                 0x080000c0   Section        4  entry5.o(.ARM.Collect$$$$00000004)
    .ARM.Collect$$$$00000008                 0x080000c4   Section        0  entry7b.o(.ARM.Collect$$$$00000008)
    .ARM.Collect$$$$0000000A                 0x080000c4   Section        0  entry8b.o(.ARM.Collect$$$$0000000A)
    .ARM.Collect$$$$0000000B                 0x080000c4   Section        8  entry9a.o(.ARM.Collect$$$$0000000B)
    .ARM.Collect$$$$0000000D                 0x080000cc   Section        0  entry10a.o(.ARM.Collect$$$$0000000D)
    .ARM.Collect$$$$0000000F                 0x080000cc   Section        0  entry11a.o(.ARM.Collect$$$$0000000F)
    .ARM.Collect$$$$00002712                 0x080000cc   Section        4  entry2.o(.ARM.Collect$$$$00002712)
    __lit__00000000                          0x080000cc   Data           4  entry2.o(.ARM.Collect$$$$00002712)
    .emb_text                                0x080000d0   Section      120  port.o(.emb_text)
    .text                                    0x08000148   Section       28  startup_stm32f051x8.o(.text)
    .text                                    0x08000164   Section        0  uidiv.o(.text)
    .text                                    0x08000190   Section        0  memcpya.o(.text)
    .text                                    0x080001b4   Section        0  strcat.o(.text)
    .text                                    0x080001cc   Section        0  strstr.o(.text)
    .text                                    0x080001f4   Section        0  strlen.o(.text)
    .text                                    0x08000202   Section        0  strcmp.o(.text)
    .text                                    0x0800021e   Section        0  strcpy.o(.text)
    .text                                    0x08000230   Section       36  init.o(.text)
    i.Call                                   0x08000254   Section        0  sms.o(i.Call)
    i.HAL_DMA_Abort_IT                       0x080002a8   Section        0  stm32f0xx_hal_dma.o(i.HAL_DMA_Abort_IT)
    i.HAL_GPIO_Init                          0x080002f0   Section        0  stm32f0xx_hal_gpio.o(i.HAL_GPIO_Init)
    i.HAL_GPIO_ReadPin                       0x08000438   Section        0  stm32f0xx_hal_gpio.o(i.HAL_GPIO_ReadPin)
    i.HAL_GPIO_TogglePin                     0x08000442   Section        0  stm32f0xx_hal_gpio.o(i.HAL_GPIO_TogglePin)
    i.HAL_GPIO_WritePin                      0x0800044a   Section        0  stm32f0xx_hal_gpio.o(i.HAL_GPIO_WritePin)
    i.HAL_GetTick                            0x08000458   Section        0  stm32f0xx_hal.o(i.HAL_GetTick)
    i.HAL_IncTick                            0x08000464   Section        0  stm32f0xx_hal.o(i.HAL_IncTick)
    i.HAL_Init                               0x08000474   Section        0  stm32f0xx_hal.o(i.HAL_Init)
    i.HAL_InitTick                           0x08000494   Section        0  stm32f0xx_hal_timebase_tim.o(i.HAL_InitTick)
    i.HAL_MspInit                            0x0800050c   Section        0  stm32f0xx_hal_msp.o(i.HAL_MspInit)
    i.HAL_NVIC_EnableIRQ                     0x08000544   Section        0  stm32f0xx_hal_cortex.o(i.HAL_NVIC_EnableIRQ)
    i.HAL_NVIC_SetPriority                   0x08000558   Section        0  stm32f0xx_hal_cortex.o(i.HAL_NVIC_SetPriority)
    i.HAL_RCC_ClockConfig                    0x08000560   Section        0  stm32f0xx_hal_rcc.o(i.HAL_RCC_ClockConfig)
    i.HAL_RCC_GetClockConfig                 0x0800068c   Section        0  stm32f0xx_hal_rcc.o(i.HAL_RCC_GetClockConfig)
    i.HAL_RCC_GetHCLKFreq                    0x080006c4   Section        0  stm32f0xx_hal_rcc.o(i.HAL_RCC_GetHCLKFreq)
    i.HAL_RCC_GetPCLK1Freq                   0x080006d0   Section        0  stm32f0xx_hal_rcc.o(i.HAL_RCC_GetPCLK1Freq)
    i.HAL_RCC_GetSysClockFreq                0x080006f0   Section        0  stm32f0xx_hal_rcc.o(i.HAL_RCC_GetSysClockFreq)
    i.HAL_RCC_OscConfig                      0x08000768   Section        0  stm32f0xx_hal_rcc.o(i.HAL_RCC_OscConfig)
    i.HAL_SYSTICK_CLKSourceConfig            0x08000abc   Section        0  stm32f0xx_hal_cortex.o(i.HAL_SYSTICK_CLKSourceConfig)
    i.HAL_SYSTICK_Config                     0x08000ad4   Section        0  stm32f0xx_hal_cortex.o(i.HAL_SYSTICK_Config)
    i.HAL_TIMEx_BreakCallback                0x08000b04   Section        0  stm32f0xx_hal_tim_ex.o(i.HAL_TIMEx_BreakCallback)
    i.HAL_TIMEx_CommutationCallback          0x08000b06   Section        0  stm32f0xx_hal_tim_ex.o(i.HAL_TIMEx_CommutationCallback)
    i.HAL_TIM_Base_Init                      0x08000b08   Section        0  stm32f0xx_hal_tim.o(i.HAL_TIM_Base_Init)
    i.HAL_TIM_Base_MspInit                   0x08000b3c   Section        0  stm32f0xx_hal_tim.o(i.HAL_TIM_Base_MspInit)
    i.HAL_TIM_Base_Start_IT                  0x08000b3e   Section        0  stm32f0xx_hal_tim.o(i.HAL_TIM_Base_Start_IT)
    i.HAL_TIM_IC_CaptureCallback             0x08000b54   Section        0  stm32f0xx_hal_tim.o(i.HAL_TIM_IC_CaptureCallback)
    i.HAL_TIM_IRQHandler                     0x08000b56   Section        0  stm32f0xx_hal_tim.o(i.HAL_TIM_IRQHandler)
    i.HAL_TIM_OC_DelayElapsedCallback        0x08000cb8   Section        0  stm32f0xx_hal_tim.o(i.HAL_TIM_OC_DelayElapsedCallback)
    i.HAL_TIM_PWM_PulseFinishedCallback      0x08000cba   Section        0  stm32f0xx_hal_tim.o(i.HAL_TIM_PWM_PulseFinishedCallback)
    i.HAL_TIM_PeriodElapsedCallback          0x08000cbc   Section        0  main.o(i.HAL_TIM_PeriodElapsedCallback)
    i.HAL_TIM_TriggerCallback                0x08000cd0   Section        0  stm32f0xx_hal_tim.o(i.HAL_TIM_TriggerCallback)
    i.HAL_UARTEx_WakeupCallback              0x08000cd2   Section        0  stm32f0xx_hal_uart_ex.o(i.HAL_UARTEx_WakeupCallback)
    i.HAL_UART_ErrorCallback                 0x08000cd4   Section        0  stm32f0xx_hal_uart.o(i.HAL_UART_ErrorCallback)
    i.HAL_UART_IRQHandler                    0x08000cd8   Section        0  stm32f0xx_hal_uart.o(i.HAL_UART_IRQHandler)
    i.HAL_UART_Init                          0x08000e0c   Section        0  stm32f0xx_hal_uart.o(i.HAL_UART_Init)
    i.HAL_UART_MspInit                       0x08000e78   Section        0  stm32f0xx_hal_msp.o(i.HAL_UART_MspInit)
    i.HAL_UART_Receive_IT                    0x08000ed0   Section        0  stm32f0xx_hal_uart.o(i.HAL_UART_Receive_IT)
    i.HAL_UART_RxCpltCallback                0x08000f58   Section        0  main.o(i.HAL_UART_RxCpltCallback)
    i.HAL_UART_Transmit_IT                   0x08000f88   Section        0  stm32f0xx_hal_uart.o(i.HAL_UART_Transmit_IT)
    i.HAL_UART_TxCpltCallback                0x08000fe0   Section        0  stm32f0xx_hal_uart.o(i.HAL_UART_TxCpltCallback)
    i.MX_GPIO_Init                           0x08000fe4   Section        0  main.o(i.MX_GPIO_Init)
    MX_GPIO_Init                             0x08000fe5   Thumb Code   212  main.o(i.MX_GPIO_Init)
    i.MX_USART2_UART_Init                    0x080010cc   Section        0  main.o(i.MX_USART2_UART_Init)
    MX_USART2_UART_Init                      0x080010cd   Thumb Code    46  main.o(i.MX_USART2_UART_Init)
    i.MonitoringRing                         0x08001104   Section        0  sms.o(i.MonitoringRing)
    i.NVIC_SetPriority                       0x08001154   Section        0  stm32f0xx_hal_cortex.o(i.NVIC_SetPriority)
    NVIC_SetPriority                         0x08001155   Thumb Code    60  stm32f0xx_hal_cortex.o(i.NVIC_SetPriority)
    i.Neoway_init                            0x08001198   Section        0  sms.o(i.Neoway_init)
    i.PostSleepProcessing                    0x08001218   Section        0  freertos.o(i.PostSleepProcessing)
    i.PreSleepProcessing                     0x0800121a   Section        0  freertos.o(i.PreSleepProcessing)
    i.Read_SMS                               0x0800121c   Section        0  sms.o(i.Read_SMS)
    i.RecieveData                            0x080012d8   Section        0  sms.o(i.RecieveData)
    i.SVC_Handler                            0x08001324   Section        0  port.o(i.SVC_Handler)
    i.Send_SMS                               0x08001328   Section        0  sms.o(i.Send_SMS)
    i.SysTick_Handler                        0x0800139c   Section        0  stm32f0xx_it.o(i.SysTick_Handler)
    i.SystemClock_Config                     0x080013a4   Section        0  main.o(i.SystemClock_Config)
    i.SystemInit                             0x08001400   Section        0  system_stm32f0xx.o(i.SystemInit)
    i.TIM17_IRQHandler                       0x0800145c   Section        0  stm32f0xx_it.o(i.TIM17_IRQHandler)
    i.TIM_Base_SetConfig                     0x0800146c   Section        0  stm32f0xx_hal_tim.o(i.TIM_Base_SetConfig)
    i.Task_Admin                             0x08001500   Section        0  main.o(i.Task_Admin)
    i.Task_Main                              0x08001508   Section        0  main.o(i.Task_Main)
    i.Task_SMS                               0x0800195c   Section        0  main.o(i.Task_SMS)
    i.Task_Sensors                           0x0800199c   Section        0  main.o(i.Task_Sensors)
    i.Task_pick                              0x08001b64   Section        0  main.o(i.Task_pick)
    i.UART_AdvFeatureConfig                  0x08001ba8   Section        0  stm32f0xx_hal_uart.o(i.UART_AdvFeatureConfig)
    i.UART_CheckIdleState                    0x08001c74   Section        0  stm32f0xx_hal_uart.o(i.UART_CheckIdleState)
    i.UART_DMAAbortOnError                   0x08001cdc   Section        0  stm32f0xx_hal_uart.o(i.UART_DMAAbortOnError)
    UART_DMAAbortOnError                     0x08001cdd   Thumb Code    20  stm32f0xx_hal_uart.o(i.UART_DMAAbortOnError)
    i.UART_EndRxTransfer                     0x08001cf0   Section        0  stm32f0xx_hal_uart.o(i.UART_EndRxTransfer)
    UART_EndRxTransfer                       0x08001cf1   Thumb Code    30  stm32f0xx_hal_uart.o(i.UART_EndRxTransfer)
    i.UART_EndTransmit_IT                    0x08001d0e   Section        0  stm32f0xx_hal_uart.o(i.UART_EndTransmit_IT)
    i.UART_Receive_IT                        0x08001d28   Section        0  stm32f0xx_hal_uart.o(i.UART_Receive_IT)
    i.UART_SetConfig                         0x08001da4   Section        0  stm32f0xx_hal_uart.o(i.UART_SetConfig)
    i.UART_Transmit_IT                       0x08001ed4   Section        0  stm32f0xx_hal_uart.o(i.UART_Transmit_IT)
    i.UART_WaitOnFlagUntilTimeout            0x08001f3a   Section        0  stm32f0xx_hal_uart.o(i.UART_WaitOnFlagUntilTimeout)
    i.USART2_IRQHandler                      0x08001f9c   Section        0  stm32f0xx_it.o(i.USART2_IRQHandler)
    i.__ARM_common_switch8                   0x08001fac   Section        0  stm32f0xx_hal_tim.o(i.__ARM_common_switch8)
    i.__scatterload_copy                     0x08001fc6   Section       14  handlers.o(i.__scatterload_copy)
    i.__scatterload_null                     0x08001fd4   Section        2  handlers.o(i.__scatterload_null)
    i.__scatterload_zeroinit                 0x08001fd6   Section       14  handlers.o(i.__scatterload_zeroinit)
    i.eTaskConfirmSleepModeStatus            0x08001fe4   Section        0  tasks.o(i.eTaskConfirmSleepModeStatus)
    i.main                                   0x08002014   Section        0  main.o(i.main)
    i.makeFreeRtosPriority                   0x08002100   Section        0  cmsis_os.o(i.makeFreeRtosPriority)
    makeFreeRtosPriority                     0x08002101   Thumb Code    12  cmsis_os.o(i.makeFreeRtosPriority)
    i.osDelay                                0x0800210c   Section        0  cmsis_os.o(i.osDelay)
    i.osKernelStart                          0x0800211c   Section        0  cmsis_os.o(i.osKernelStart)
    i.osMessageCreate                        0x08002126   Section        0  cmsis_os.o(i.osMessageCreate)
    i.osSemaphoreCreate                      0x08002132   Section        0  cmsis_os.o(i.osSemaphoreCreate)
    i.osSystickHandler                       0x0800215c   Section        0  cmsis_os.o(i.osSystickHandler)
    i.osThreadCreate                         0x0800216c   Section        0  cmsis_os.o(i.osThreadCreate)
    i.prvAddCurrentTaskToDelayedList         0x0800219c   Section        0  tasks.o(i.prvAddCurrentTaskToDelayedList)
    prvAddCurrentTaskToDelayedList           0x0800219d   Thumb Code    78  tasks.o(i.prvAddCurrentTaskToDelayedList)
    i.prvAddNewTaskToReadyList               0x080021f4   Section        0  tasks.o(i.prvAddNewTaskToReadyList)
    prvAddNewTaskToReadyList                 0x080021f5   Thumb Code   176  tasks.o(i.prvAddNewTaskToReadyList)
    i.prvCheckTasksWaitingTermination        0x080022ac   Section        0  tasks.o(i.prvCheckTasksWaitingTermination)
    prvCheckTasksWaitingTermination          0x080022ad   Thumb Code    72  tasks.o(i.prvCheckTasksWaitingTermination)
    i.prvCopyDataFromQueue                   0x080022fc   Section        0  queue.o(i.prvCopyDataFromQueue)
    prvCopyDataFromQueue                     0x080022fd   Thumb Code    38  queue.o(i.prvCopyDataFromQueue)
    i.prvCopyDataToQueue                     0x08002322   Section        0  queue.o(i.prvCopyDataToQueue)
    prvCopyDataToQueue                       0x08002323   Thumb Code   112  queue.o(i.prvCopyDataToQueue)
    i.prvDeleteTCB                           0x08002392   Section        0  tasks.o(i.prvDeleteTCB)
    prvDeleteTCB                             0x08002393   Thumb Code    18  tasks.o(i.prvDeleteTCB)
    i.prvGetExpectedIdleTime                 0x080023a4   Section        0  tasks.o(i.prvGetExpectedIdleTime)
    prvGetExpectedIdleTime                   0x080023a5   Thumb Code    44  tasks.o(i.prvGetExpectedIdleTime)
    i.prvHeapInit                            0x080023d8   Section        0  heap_4.o(i.prvHeapInit)
    prvHeapInit                              0x080023d9   Thumb Code    58  heap_4.o(i.prvHeapInit)
    i.prvIdleTask                            0x08002420   Section        0  tasks.o(i.prvIdleTask)
    prvIdleTask                              0x08002421   Thumb Code    60  tasks.o(i.prvIdleTask)
    i.prvInitialiseNewTask                   0x08002464   Section        0  tasks.o(i.prvInitialiseNewTask)
    prvInitialiseNewTask                     0x08002465   Thumb Code   124  tasks.o(i.prvInitialiseNewTask)
    i.prvInsertBlockIntoFreeList             0x080024e0   Section        0  heap_4.o(i.prvInsertBlockIntoFreeList)
    prvInsertBlockIntoFreeList               0x080024e1   Thumb Code    72  heap_4.o(i.prvInsertBlockIntoFreeList)
    i.prvIsQueueEmpty                        0x0800252c   Section        0  queue.o(i.prvIsQueueEmpty)
    prvIsQueueEmpty                          0x0800252d   Thumb Code    28  queue.o(i.prvIsQueueEmpty)
    i.prvResetNextTaskUnblockTime            0x08002548   Section        0  tasks.o(i.prvResetNextTaskUnblockTime)
    prvResetNextTaskUnblockTime              0x08002549   Thumb Code    28  tasks.o(i.prvResetNextTaskUnblockTime)
    i.prvTaskExitError                       0x08002568   Section        0  port.o(i.prvTaskExitError)
    prvTaskExitError                         0x08002569   Thumb Code    14  port.o(i.prvTaskExitError)
    i.prvUnlockQueue                         0x0800257c   Section        0  queue.o(i.prvUnlockQueue)
    prvUnlockQueue                           0x0800257d   Thumb Code   112  queue.o(i.prvUnlockQueue)
    i.pvPortMalloc                           0x080025ec   Section        0  heap_4.o(i.pvPortMalloc)
    i.pvTaskIncrementMutexHeldCount          0x0800269c   Section        0  tasks.o(i.pvTaskIncrementMutexHeldCount)
    i.pxPortInitialiseStack                  0x080026b4   Section        0  port.o(i.pxPortInitialiseStack)
    i.toNeoway                               0x080026d4   Section        0  sms.o(i.toNeoway)
    i.uxListRemove                           0x08002788   Section        0  list.o(i.uxListRemove)
    i.vListInitialise                        0x080027ac   Section        0  list.o(i.vListInitialise)
    i.vListInitialiseItem                    0x080027c2   Section        0  list.o(i.vListInitialiseItem)
    i.vListInsert                            0x080027c8   Section        0  list.o(i.vListInsert)
    i.vListInsertEnd                         0x080027f8   Section        0  list.o(i.vListInsertEnd)
    i.vPortEnterCritical                     0x08002810   Section        0  port.o(i.vPortEnterCritical)
    i.vPortExitCritical                      0x08002828   Section        0  port.o(i.vPortExitCritical)
    i.vPortFree                              0x08002844   Section        0  heap_4.o(i.vPortFree)
    i.vPortSetupTimerInterrupt               0x08002888   Section        0  port.o(i.vPortSetupTimerInterrupt)
    i.vPortSuppressTicksAndSleep             0x080028d8   Section        0  port.o(i.vPortSuppressTicksAndSleep)
    i.vPortYield                             0x080029c4   Section        0  port.o(i.vPortYield)
    i.vTaskDelay                             0x080029dc   Section        0  tasks.o(i.vTaskDelay)
    i.vTaskMissedYield                       0x08002a0c   Section        0  tasks.o(i.vTaskMissedYield)
    i.vTaskPlaceOnEventList                  0x08002a18   Section        0  tasks.o(i.vTaskPlaceOnEventList)
    i.vTaskPriorityInherit                   0x08002a3c   Section        0  tasks.o(i.vTaskPriorityInherit)
    i.vTaskSetTimeOutState                   0x08002aa0   Section        0  tasks.o(i.vTaskSetTimeOutState)
    i.vTaskStartScheduler                    0x08002ab8   Section        0  tasks.o(i.vTaskStartScheduler)
    i.vTaskStepTick                          0x08002b04   Section        0  tasks.o(i.vTaskStepTick)
    i.vTaskSuspendAll                        0x08002b20   Section        0  tasks.o(i.vTaskSuspendAll)
    i.vTaskSwitchContext                     0x08002b30   Section        0  tasks.o(i.vTaskSwitchContext)
    i.xPortStartScheduler                    0x08002b88   Section        0  port.o(i.xPortStartScheduler)
    i.xPortSysTickHandler                    0x08002bb8   Section        0  port.o(i.xPortSysTickHandler)
    i.xQueueCreateCountingSemaphore          0x08002bdc   Section        0  queue.o(i.xQueueCreateCountingSemaphore)
    i.xQueueGenericCreate                    0x08002c00   Section        0  queue.o(i.xQueueGenericCreate)
    i.xQueueGenericReceive                   0x08002c3e   Section        0  queue.o(i.xQueueGenericReceive)
    i.xQueueGenericReset                     0x08002d76   Section        0  queue.o(i.xQueueGenericReset)
    i.xQueueGenericSend                      0x08002de2   Section        0  queue.o(i.xQueueGenericSend)
    i.xQueueGenericSendFromISR               0x08002efa   Section        0  queue.o(i.xQueueGenericSendFromISR)
    i.xTaskCheckForTimeOut                   0x08002f88   Section        0  tasks.o(i.xTaskCheckForTimeOut)
    i.xTaskCreate                            0x08002fdc   Section        0  tasks.o(i.xTaskCreate)
    i.xTaskGetSchedulerState                 0x0800302c   Section        0  tasks.o(i.xTaskGetSchedulerState)
    i.xTaskIncrementTick                     0x0800304c   Section        0  tasks.o(i.xTaskIncrementTick)
    i.xTaskPriorityDisinherit                0x08003108   Section        0  tasks.o(i.xTaskPriorityDisinherit)
    i.xTaskRemoveFromEventList               0x08003170   Section        0  tasks.o(i.xTaskRemoveFromEventList)
    i.xTaskResumeAll                         0x080031d8   Section        0  tasks.o(i.xTaskResumeAll)
    .constdata                               0x08003284   Section       16  system_stm32f0xx.o(.constdata)
    .constdata                               0x08003294   Section        8  system_stm32f0xx.o(.constdata)
    .constdata                               0x0800329c   Section      132  main.o(.constdata)
    .constdata                               0x08003320   Section       41  sms.o(.constdata)
    .conststring                             0x0800334c   Section       36  main.o(.conststring)
    .data                                    0x20000000   Section        4  stm32f0xx_hal.o(.data)
    .data                                    0x20000004   Section        4  system_stm32f0xx.o(.data)
    .data                                    0x20000008   Section       60  tasks.o(.data)
    uxDeletedTasksWaitingCleanUp             0x2000000c   Data           4  tasks.o(.data)
    uxCurrentNumberOfTasks                   0x20000010   Data           4  tasks.o(.data)
    xTickCount                               0x20000014   Data           4  tasks.o(.data)
    uxTopReadyPriority                       0x20000018   Data           4  tasks.o(.data)
    xSchedulerRunning                        0x2000001c   Data           4  tasks.o(.data)
    uxPendedTicks                            0x20000020   Data           4  tasks.o(.data)
    xYieldPending                            0x20000024   Data           4  tasks.o(.data)
    xNumOfOverflows                          0x20000028   Data           4  tasks.o(.data)
    uxTaskNumber                             0x2000002c   Data           4  tasks.o(.data)
    xNextTaskUnblockTime                     0x20000030   Data           4  tasks.o(.data)
    xIdleTaskHandle                          0x20000034   Data           4  tasks.o(.data)
    uxSchedulerSuspended                     0x20000038   Data           4  tasks.o(.data)
    pxDelayedTaskList                        0x2000003c   Data           4  tasks.o(.data)
    pxOverflowDelayedTaskList                0x20000040   Data           4  tasks.o(.data)
    .data                                    0x20000044   Section       24  heap_4.o(.data)
    pxEnd                                    0x20000044   Data           4  heap_4.o(.data)
    xFreeBytesRemaining                      0x20000048   Data           4  heap_4.o(.data)
    xMinimumEverFreeBytesRemaining           0x2000004c   Data           4  heap_4.o(.data)
    xBlockAllocatedBit                       0x20000050   Data           4  heap_4.o(.data)
    xStart                                   0x20000054   Data           8  heap_4.o(.data)
    .data                                    0x2000005c   Section       16  port.o(.data)
    uxCriticalNesting                        0x2000005c   Data           4  port.o(.data)
    ulTimerCountsForOneTick                  0x20000060   Data           4  port.o(.data)
    xMaximumPossibleSuppressedTicks          0x20000064   Data           4  port.o(.data)
    ulStoppedTimerCompensation               0x20000068   Data           4  port.o(.data)
    .data                                    0x2000006c   Section       88  main.o(.data)
    .data                                    0x200000c4   Section       11  main.o(.data)
    .bss                                     0x200000d0   Section      240  tasks.o(.bss)
    pxReadyTasksLists                        0x200000d0   Data         140  tasks.o(.bss)
    xDelayedTaskList1                        0x2000015c   Data          20  tasks.o(.bss)
    xDelayedTaskList2                        0x20000170   Data          20  tasks.o(.bss)
    xPendingReadyList                        0x20000184   Data          20  tasks.o(.bss)
    xTasksWaitingTermination                 0x20000198   Data          20  tasks.o(.bss)
    xSuspendedTaskList                       0x200001ac   Data          20  tasks.o(.bss)
    .bss                                     0x200001c0   Section     6000  heap_4.o(.bss)
    ucHeap                                   0x200001c0   Data        6000  heap_4.o(.bss)
    .bss                                     0x20001930   Section      112  main.o(.bss)
    .bss                                     0x200019a0   Section       64  stm32f0xx_hal_timebase_tim.o(.bss)
    .bss                                     0x200019e0   Section      200  sms.o(.bss)
    STACK                                    0x20001aa8   Section     1024  startup_stm32f051x8.o(STACK)

    Global Symbols

    Symbol Name                              Value     Ov Type        Size  Object(Section)

    BuildAttributes$$THM_ISAv3M$S$PE$A:L22$X:L11$S22$IEEE1$IW$USESV6$~STKCKD$USESV7$~SHL$OSPACE$EBA8$MICROLIB$REQ8$PRES8$EABIv2 0x00000000   Number         0  anon$$obj.o ABSOLUTE
    __ARM_use_no_argv                        0x00000000   Number         0  main.o ABSOLUTE
    __cpp_initialize__aeabi_                  - Undefined Weak Reference
    __cxa_finalize                            - Undefined Weak Reference
    __decompress                              - Undefined Weak Reference
    _clock_init                               - Undefined Weak Reference
    _microlib_exit                            - Undefined Weak Reference
    __Vectors_Size                           0x000000bc   Number         0  startup_stm32f051x8.o ABSOLUTE
    __Vectors                                0x08000000   Data           4  startup_stm32f051x8.o(RESET)
    __Vectors_End                            0x080000bc   Data           0  startup_stm32f051x8.o(RESET)
    __main                                   0x080000bd   Thumb Code     0  entry.o(.ARM.Collect$$$$00000000)
    _main_stk                                0x080000bd   Thumb Code     0  entry2.o(.ARM.Collect$$$$00000001)
    _main_scatterload                        0x080000c1   Thumb Code     0  entry5.o(.ARM.Collect$$$$00000004)
    __main_after_scatterload                 0x080000c5   Thumb Code     0  entry5.o(.ARM.Collect$$$$00000004)
    _main_clock                              0x080000c5   Thumb Code     0  entry7b.o(.ARM.Collect$$$$00000008)
    _main_cpp_init                           0x080000c5   Thumb Code     0  entry8b.o(.ARM.Collect$$$$0000000A)
    _main_init                               0x080000c5   Thumb Code     0  entry9a.o(.ARM.Collect$$$$0000000B)
    __rt_final_cpp                           0x080000cd   Thumb Code     0  entry10a.o(.ARM.Collect$$$$0000000D)
    __rt_final_exit                          0x080000cd   Thumb Code     0  entry11a.o(.ARM.Collect$$$$0000000F)
    __asm___6_port_c_39a90d8d__prvPortStartFirstTask 0x080000d1   Thumb Code    36  port.o(.emb_text)
    ulSetInterruptMaskFromISR                0x080000f9   Thumb Code     8  port.o(.emb_text)
    vClearInterruptMaskFromISR               0x08000101   Thumb Code     6  port.o(.emb_text)
    PendSV_Handler                           0x08000107   Thumb Code    62  port.o(.emb_text)
    Reset_Handler                            0x08000149   Thumb Code     8  startup_stm32f051x8.o(.text)
    NMI_Handler                              0x08000151   Thumb Code     2  startup_stm32f051x8.o(.text)
    HardFault_Handler                        0x08000153   Thumb Code     2  startup_stm32f051x8.o(.text)
    ADC1_COMP_IRQHandler                     0x0800015b   Thumb Code     0  startup_stm32f051x8.o(.text)
    CEC_IRQHandler                           0x0800015b   Thumb Code     0  startup_stm32f051x8.o(.text)
    DMA1_Channel1_IRQHandler                 0x0800015b   Thumb Code     0  startup_stm32f051x8.o(.text)
    DMA1_Channel2_3_IRQHandler               0x0800015b   Thumb Code     0  startup_stm32f051x8.o(.text)
    DMA1_Channel4_5_IRQHandler               0x0800015b   Thumb Code     0  startup_stm32f051x8.o(.text)
    EXTI0_1_IRQHandler                       0x0800015b   Thumb Code     0  startup_stm32f051x8.o(.text)
    EXTI2_3_IRQHandler                       0x0800015b   Thumb Code     0  startup_stm32f051x8.o(.text)
    EXTI4_15_IRQHandler                      0x0800015b   Thumb Code     0  startup_stm32f051x8.o(.text)
    FLASH_IRQHandler                         0x0800015b   Thumb Code     0  startup_stm32f051x8.o(.text)
    I2C1_IRQHandler                          0x0800015b   Thumb Code     0  startup_stm32f051x8.o(.text)
    I2C2_IRQHandler                          0x0800015b   Thumb Code     0  startup_stm32f051x8.o(.text)
    PVD_IRQHandler                           0x0800015b   Thumb Code     0  startup_stm32f051x8.o(.text)
    RCC_IRQHandler                           0x0800015b   Thumb Code     0  startup_stm32f051x8.o(.text)
    RTC_IRQHandler                           0x0800015b   Thumb Code     0  startup_stm32f051x8.o(.text)
    SPI1_IRQHandler                          0x0800015b   Thumb Code     0  startup_stm32f051x8.o(.text)
    SPI2_IRQHandler                          0x0800015b   Thumb Code     0  startup_stm32f051x8.o(.text)
    TIM14_IRQHandler                         0x0800015b   Thumb Code     0  startup_stm32f051x8.o(.text)
    TIM15_IRQHandler                         0x0800015b   Thumb Code     0  startup_stm32f051x8.o(.text)
    TIM16_IRQHandler                         0x0800015b   Thumb Code     0  startup_stm32f051x8.o(.text)
    TIM1_BRK_UP_TRG_COM_IRQHandler           0x0800015b   Thumb Code     0  startup_stm32f051x8.o(.text)
    TIM1_CC_IRQHandler                       0x0800015b   Thumb Code     0  startup_stm32f051x8.o(.text)
    TIM2_IRQHandler                          0x0800015b   Thumb Code     0  startup_stm32f051x8.o(.text)
    TIM3_IRQHandler                          0x0800015b   Thumb Code     0  startup_stm32f051x8.o(.text)
    TIM6_DAC_IRQHandler                      0x0800015b   Thumb Code     0  startup_stm32f051x8.o(.text)
    TSC_IRQHandler                           0x0800015b   Thumb Code     0  startup_stm32f051x8.o(.text)
    USART1_IRQHandler                        0x0800015b   Thumb Code     0  startup_stm32f051x8.o(.text)
    WWDG_IRQHandler                          0x0800015b   Thumb Code     0  startup_stm32f051x8.o(.text)
    __aeabi_uidiv                            0x08000165   Thumb Code     0  uidiv.o(.text)
    __aeabi_uidivmod                         0x08000165   Thumb Code    44  uidiv.o(.text)
    __aeabi_memcpy                           0x08000191   Thumb Code    36  memcpya.o(.text)
    __aeabi_memcpy4                          0x08000191   Thumb Code     0  memcpya.o(.text)
    __aeabi_memcpy8                          0x08000191   Thumb Code     0  memcpya.o(.text)
    strcat                                   0x080001b5   Thumb Code    24  strcat.o(.text)
    strstr                                   0x080001cd   Thumb Code    40  strstr.o(.text)
    strlen                                   0x080001f5   Thumb Code    14  strlen.o(.text)
    strcmp                                   0x08000203   Thumb Code    28  strcmp.o(.text)
    strcpy                                   0x0800021f   Thumb Code    18  strcpy.o(.text)
    __scatterload                            0x08000231   Thumb Code    28  init.o(.text)
    __scatterload_rt2                        0x08000231   Thumb Code     0  init.o(.text)
    Call                                     0x08000255   Thumb Code    68  sms.o(i.Call)
    HAL_DMA_Abort_IT                         0x080002a9   Thumb Code    72  stm32f0xx_hal_dma.o(i.HAL_DMA_Abort_IT)
    HAL_GPIO_Init                            0x080002f1   Thumb Code   302  stm32f0xx_hal_gpio.o(i.HAL_GPIO_Init)
    HAL_GPIO_ReadPin                         0x08000439   Thumb Code    10  stm32f0xx_hal_gpio.o(i.HAL_GPIO_ReadPin)
    HAL_GPIO_TogglePin                       0x08000443   Thumb Code     8  stm32f0xx_hal_gpio.o(i.HAL_GPIO_TogglePin)
    HAL_GPIO_WritePin                        0x0800044b   Thumb Code    12  stm32f0xx_hal_gpio.o(i.HAL_GPIO_WritePin)
    HAL_GetTick                              0x08000459   Thumb Code     6  stm32f0xx_hal.o(i.HAL_GetTick)
    HAL_IncTick                              0x08000465   Thumb Code    10  stm32f0xx_hal.o(i.HAL_IncTick)
    HAL_Init                                 0x08000475   Thumb Code    26  stm32f0xx_hal.o(i.HAL_Init)
    HAL_InitTick                             0x08000495   Thumb Code   100  stm32f0xx_hal_timebase_tim.o(i.HAL_InitTick)
    HAL_MspInit                              0x0800050d   Thumb Code    50  stm32f0xx_hal_msp.o(i.HAL_MspInit)
    HAL_NVIC_EnableIRQ                       0x08000545   Thumb Code    14  stm32f0xx_hal_cortex.o(i.HAL_NVIC_EnableIRQ)
    HAL_NVIC_SetPriority                     0x08000559   Thumb Code     8  stm32f0xx_hal_cortex.o(i.HAL_NVIC_SetPriority)
    HAL_RCC_ClockConfig                      0x08000561   Thumb Code   280  stm32f0xx_hal_rcc.o(i.HAL_RCC_ClockConfig)
    HAL_RCC_GetClockConfig                   0x0800068d   Thumb Code    46  stm32f0xx_hal_rcc.o(i.HAL_RCC_GetClockConfig)
    HAL_RCC_GetHCLKFreq                      0x080006c5   Thumb Code     6  stm32f0xx_hal_rcc.o(i.HAL_RCC_GetHCLKFreq)
    HAL_RCC_GetPCLK1Freq                     0x080006d1   Thumb Code    20  stm32f0xx_hal_rcc.o(i.HAL_RCC_GetPCLK1Freq)
    HAL_RCC_GetSysClockFreq                  0x080006f1   Thumb Code    76  stm32f0xx_hal_rcc.o(i.HAL_RCC_GetSysClockFreq)
    HAL_RCC_OscConfig                        0x08000769   Thumb Code   840  stm32f0xx_hal_rcc.o(i.HAL_RCC_OscConfig)
    HAL_SYSTICK_CLKSourceConfig              0x08000abd   Thumb Code    20  stm32f0xx_hal_cortex.o(i.HAL_SYSTICK_CLKSourceConfig)
    HAL_SYSTICK_Config                       0x08000ad5   Thumb Code    38  stm32f0xx_hal_cortex.o(i.HAL_SYSTICK_Config)
    HAL_TIMEx_BreakCallback                  0x08000b05   Thumb Code     2  stm32f0xx_hal_tim_ex.o(i.HAL_TIMEx_BreakCallback)
    HAL_TIMEx_CommutationCallback            0x08000b07   Thumb Code     2  stm32f0xx_hal_tim_ex.o(i.HAL_TIMEx_CommutationCallback)
    HAL_TIM_Base_Init                        0x08000b09   Thumb Code    52  stm32f0xx_hal_tim.o(i.HAL_TIM_Base_Init)
    HAL_TIM_Base_MspInit                     0x08000b3d   Thumb Code     2  stm32f0xx_hal_tim.o(i.HAL_TIM_Base_MspInit)
    HAL_TIM_Base_Start_IT                    0x08000b3f   Thumb Code    22  stm32f0xx_hal_tim.o(i.HAL_TIM_Base_Start_IT)
    HAL_TIM_IC_CaptureCallback               0x08000b55   Thumb Code     2  stm32f0xx_hal_tim.o(i.HAL_TIM_IC_CaptureCallback)
    HAL_TIM_IRQHandler                       0x08000b57   Thumb Code   354  stm32f0xx_hal_tim.o(i.HAL_TIM_IRQHandler)
    HAL_TIM_OC_DelayElapsedCallback          0x08000cb9   Thumb Code     2  stm32f0xx_hal_tim.o(i.HAL_TIM_OC_DelayElapsedCallback)
    HAL_TIM_PWM_PulseFinishedCallback        0x08000cbb   Thumb Code     2  stm32f0xx_hal_tim.o(i.HAL_TIM_PWM_PulseFinishedCallback)
    HAL_TIM_PeriodElapsedCallback            0x08000cbd   Thumb Code    16  main.o(i.HAL_TIM_PeriodElapsedCallback)
    HAL_TIM_TriggerCallback                  0x08000cd1   Thumb Code     2  stm32f0xx_hal_tim.o(i.HAL_TIM_TriggerCallback)
    HAL_UARTEx_WakeupCallback                0x08000cd3   Thumb Code     2  stm32f0xx_hal_uart_ex.o(i.HAL_UARTEx_WakeupCallback)
    HAL_UART_ErrorCallback                   0x08000cd5   Thumb Code     2  stm32f0xx_hal_uart.o(i.HAL_UART_ErrorCallback)
    HAL_UART_IRQHandler                      0x08000cd9   Thumb Code   304  stm32f0xx_hal_uart.o(i.HAL_UART_IRQHandler)
    HAL_UART_Init                            0x08000e0d   Thumb Code   108  stm32f0xx_hal_uart.o(i.HAL_UART_Init)
    HAL_UART_MspInit                         0x08000e79   Thumb Code    78  stm32f0xx_hal_msp.o(i.HAL_UART_MspInit)
    HAL_UART_Receive_IT                      0x08000ed1   Thumb Code   132  stm32f0xx_hal_uart.o(i.HAL_UART_Receive_IT)
    HAL_UART_RxCpltCallback                  0x08000f59   Thumb Code    38  main.o(i.HAL_UART_RxCpltCallback)
    HAL_UART_Transmit_IT                     0x08000f89   Thumb Code    88  stm32f0xx_hal_uart.o(i.HAL_UART_Transmit_IT)
    HAL_UART_TxCpltCallback                  0x08000fe1   Thumb Code     2  stm32f0xx_hal_uart.o(i.HAL_UART_TxCpltCallback)
    MonitoringRing                           0x08001105   Thumb Code    58  sms.o(i.MonitoringRing)
    Neoway_init                              0x08001199   Thumb Code    64  sms.o(i.Neoway_init)
    PostSleepProcessing                      0x08001219   Thumb Code     2  freertos.o(i.PostSleepProcessing)
    PreSleepProcessing                       0x0800121b   Thumb Code     2  freertos.o(i.PreSleepProcessing)
    Read_SMS                                 0x0800121d   Thumb Code   106  sms.o(i.Read_SMS)
    RecieveData                              0x080012d9   Thumb Code    68  sms.o(i.RecieveData)
    SVC_Handler                              0x08001325   Thumb Code     2  port.o(i.SVC_Handler)
    Send_SMS                                 0x08001329   Thumb Code    94  sms.o(i.Send_SMS)
    SysTick_Handler                          0x0800139d   Thumb Code     8  stm32f0xx_it.o(i.SysTick_Handler)
    SystemClock_Config                       0x080013a5   Thumb Code    92  main.o(i.SystemClock_Config)
    SystemInit                               0x08001401   Thumb Code    78  system_stm32f0xx.o(i.SystemInit)
    TIM17_IRQHandler                         0x0800145d   Thumb Code    10  stm32f0xx_it.o(i.TIM17_IRQHandler)
    TIM_Base_SetConfig                       0x0800146d   Thumb Code   124  stm32f0xx_hal_tim.o(i.TIM_Base_SetConfig)
    Task_Admin                               0x08001501   Thumb Code     8  main.o(i.Task_Admin)
    Task_Main                                0x08001509   Thumb Code  1104  main.o(i.Task_Main)
    Task_SMS                                 0x0800195d   Thumb Code    54  main.o(i.Task_SMS)
    Task_Sensors                             0x0800199d   Thumb Code   440  main.o(i.Task_Sensors)
    Task_pick                                0x08001b65   Thumb Code    58  main.o(i.Task_pick)
    UART_AdvFeatureConfig                    0x08001ba9   Thumb Code   202  stm32f0xx_hal_uart.o(i.UART_AdvFeatureConfig)
    UART_CheckIdleState                      0x08001c75   Thumb Code    96  stm32f0xx_hal_uart.o(i.UART_CheckIdleState)
    UART_EndTransmit_IT                      0x08001d0f   Thumb Code    26  stm32f0xx_hal_uart.o(i.UART_EndTransmit_IT)
    UART_Receive_IT                          0x08001d29   Thumb Code   122  stm32f0xx_hal_uart.o(i.UART_Receive_IT)
    UART_SetConfig                           0x08001da5   Thumb Code   280  stm32f0xx_hal_uart.o(i.UART_SetConfig)
    UART_Transmit_IT                         0x08001ed5   Thumb Code   102  stm32f0xx_hal_uart.o(i.UART_Transmit_IT)
    UART_WaitOnFlagUntilTimeout              0x08001f3b   Thumb Code    98  stm32f0xx_hal_uart.o(i.UART_WaitOnFlagUntilTimeout)
    USART2_IRQHandler                        0x08001f9d   Thumb Code    10  stm32f0xx_it.o(i.USART2_IRQHandler)
    __ARM_common_switch8                     0x08001fad   Thumb Code    26  stm32f0xx_hal_tim.o(i.__ARM_common_switch8)
    __scatterload_copy                       0x08001fc7   Thumb Code    14  handlers.o(i.__scatterload_copy)
    __scatterload_null                       0x08001fd5   Thumb Code     2  handlers.o(i.__scatterload_null)
    __scatterload_zeroinit                   0x08001fd7   Thumb Code    14  handlers.o(i.__scatterload_zeroinit)
    eTaskConfirmSleepModeStatus              0x08001fe5   Thumb Code    40  tasks.o(i.eTaskConfirmSleepModeStatus)
    main                                     0x08002015   Thumb Code   226  main.o(i.main)
    osDelay                                  0x0800210d   Thumb Code    16  cmsis_os.o(i.osDelay)
    osKernelStart                            0x0800211d   Thumb Code    10  cmsis_os.o(i.osKernelStart)
    osMessageCreate                          0x08002127   Thumb Code    12  cmsis_os.o(i.osMessageCreate)
    osSemaphoreCreate                        0x08002133   Thumb Code    42  cmsis_os.o(i.osSemaphoreCreate)
    osSystickHandler                         0x0800215d   Thumb Code    16  cmsis_os.o(i.osSystickHandler)
    osThreadCreate                           0x0800216d   Thumb Code    46  cmsis_os.o(i.osThreadCreate)
    pvPortMalloc                             0x080025ed   Thumb Code   172  heap_4.o(i.pvPortMalloc)
    pvTaskIncrementMutexHeldCount            0x0800269d   Thumb Code    20  tasks.o(i.pvTaskIncrementMutexHeldCount)
    pxPortInitialiseStack                    0x080026b5   Thumb Code    28  port.o(i.pxPortInitialiseStack)
    toNeoway                                 0x080026d5   Thumb Code   134  sms.o(i.toNeoway)
    uxListRemove                             0x08002789   Thumb Code    36  list.o(i.uxListRemove)
    vListInitialise                          0x080027ad   Thumb Code    22  list.o(i.vListInitialise)
    vListInitialiseItem                      0x080027c3   Thumb Code     6  list.o(i.vListInitialiseItem)
    vListInsert                              0x080027c9   Thumb Code    48  list.o(i.vListInsert)
    vListInsertEnd                           0x080027f9   Thumb Code    24  list.o(i.vListInsertEnd)
    vPortEnterCritical                       0x08002811   Thumb Code    20  port.o(i.vPortEnterCritical)
    vPortExitCritical                        0x08002829   Thumb Code    22  port.o(i.vPortExitCritical)
    vPortFree                                0x08002845   Thumb Code    62  heap_4.o(i.vPortFree)
    vPortSetupTimerInterrupt                 0x08002889   Thumb Code    62  port.o(i.vPortSetupTimerInterrupt)
    vPortSuppressTicksAndSleep               0x080028d9   Thumb Code   228  port.o(i.vPortSuppressTicksAndSleep)
    vPortYield                               0x080029c5   Thumb Code    18  port.o(i.vPortYield)
    vTaskDelay                               0x080029dd   Thumb Code    44  tasks.o(i.vTaskDelay)
    vTaskMissedYield                         0x08002a0d   Thumb Code     8  tasks.o(i.vTaskMissedYield)
    vTaskPlaceOnEventList                    0x08002a19   Thumb Code    32  tasks.o(i.vTaskPlaceOnEventList)
    vTaskPriorityInherit                     0x08002a3d   Thumb Code    92  tasks.o(i.vTaskPriorityInherit)
    vTaskSetTimeOutState                     0x08002aa1   Thumb Code    20  tasks.o(i.vTaskSetTimeOutState)
    vTaskStartScheduler                      0x08002ab9   Thumb Code    58  tasks.o(i.vTaskStartScheduler)
    vTaskStepTick                            0x08002b05   Thumb Code    24  tasks.o(i.vTaskStepTick)
    vTaskSuspendAll                          0x08002b21   Thumb Code    10  tasks.o(i.vTaskSuspendAll)
    vTaskSwitchContext                       0x08002b31   Thumb Code    78  tasks.o(i.vTaskSwitchContext)
    xPortStartScheduler                      0x08002b89   Thumb Code    40  port.o(i.xPortStartScheduler)
    xPortSysTickHandler                      0x08002bb9   Thumb Code    32  port.o(i.xPortSysTickHandler)
    xQueueCreateCountingSemaphore            0x08002bdd   Thumb Code    36  queue.o(i.xQueueCreateCountingSemaphore)
    xQueueGenericCreate                      0x08002c01   Thumb Code    62  queue.o(i.xQueueGenericCreate)
    xQueueGenericReceive                     0x08002c3f   Thumb Code   312  queue.o(i.xQueueGenericReceive)
    xQueueGenericReset                       0x08002d77   Thumb Code   108  queue.o(i.xQueueGenericReset)
    xQueueGenericSend                        0x08002de3   Thumb Code   280  queue.o(i.xQueueGenericSend)
    xQueueGenericSendFromISR                 0x08002efb   Thumb Code   140  queue.o(i.xQueueGenericSendFromISR)
    xTaskCheckForTimeOut                     0x08002f89   Thumb Code    80  tasks.o(i.xTaskCheckForTimeOut)
    xTaskCreate                              0x08002fdd   Thumb Code    78  tasks.o(i.xTaskCreate)
    xTaskGetSchedulerState                   0x0800302d   Thumb Code    26  tasks.o(i.xTaskGetSchedulerState)
    xTaskIncrementTick                       0x0800304d   Thumb Code   180  tasks.o(i.xTaskIncrementTick)
    xTaskPriorityDisinherit                  0x08003109   Thumb Code    96  tasks.o(i.xTaskPriorityDisinherit)
    xTaskRemoveFromEventList                 0x08003171   Thumb Code    96  tasks.o(i.xTaskRemoveFromEventList)
    xTaskResumeAll                           0x080031d9   Thumb Code   164  tasks.o(i.xTaskResumeAll)
    AHBPrescTable                            0x08003284   Data          16  system_stm32f0xx.o(.constdata)
    APBPrescTable                            0x08003294   Data           8  system_stm32f0xx.o(.constdata)
    Region$$Table$$Base                      0x08003370   Number         0  anon$$obj.o(Region$$Table)
    Region$$Table$$Limit                     0x08003390   Number         0  anon$$obj.o(Region$$Table)
    uwTick                                   0x20000000   Data           4  stm32f0xx_hal.o(.data)
    SystemCoreClock                          0x20000004   Data           4  system_stm32f0xx.o(.data)
    pxCurrentTCB                             0x20000008   Data           4  tasks.o(.data)
    state                                    0x2000006c   Data           1  main.o(.data)
    counter_of_alarm                         0x2000006d   Data           1  main.o(.data)
    counter_of_starts                        0x2000006e   Data           1  main.o(.data)
    flag_autostart_allowed                   0x2000006f   Data           1  main.o(.data)
    RxByte                                   0x20000070   Data           1  main.o(.data)
    to_sensor_module                         0x20000072   Data           2  main.o(.data)
    recieve_word                             0x20000074   Data           2  main.o(.data)
    sensors                                  0x20000078   Data           4  main.o(.data)
    sensors_mask                             0x2000007c   Data           4  main.o(.data)
    delay                                    0x20000080   Data           4  main.o(.data)
    MainHandle                               0x20000084   Data           4  main.o(.data)
    SensorsHandle                            0x20000088   Data           4  main.o(.data)
    SMSHandle                                0x2000008c   Data           4  main.o(.data)
    AdminHandle                              0x20000090   Data           4  main.o(.data)
    pickHandle                               0x20000094   Data           4  main.o(.data)
    toAlarmHandle                            0x20000098   Data           4  main.o(.data)
    toMainHandle                             0x2000009c   Data           4  main.o(.data)
    toSensorsHandle                          0x200000a0   Data           4  main.o(.data)
    toSMSHandle                              0x200000a4   Data           4  main.o(.data)
    toTickHandle                             0x200000a8   Data           4  main.o(.data)
    timer_Guard_But_Door                     0x200000ac   Data           4  main.o(.data)
    timer_Open_But_Door                      0x200000b0   Data           4  main.o(.data)
    timer_of_alarm                           0x200000b4   Data           4  main.o(.data)
    timer_time_of_start_engine               0x200000b8   Data           4  main.o(.data)
    timer_of_start_engine_rest               0x200000bc   Data           4  main.o(.data)
    timer_of_engine_work                     0x200000c0   Data           4  main.o(.data)
    admin_number                             0x200000c4   Data          11  main.o(.data)
    huart2                                   0x20001930   Data         112  main.o(.bss)
    htim17                                   0x200019a0   Data          64  stm32f0xx_hal_timebase_tim.o(.bss)
    RxBuffer                                 0x200019e0   Data         200  sms.o(.bss)
    __initial_sp                             0x20001ea8   Data           0  startup_stm32f051x8.o(STACK)



==============================================================================

Memory Map of the image

  Image Entry point : 0x080000bd

  Load Region LR_IROM1 (Base: 0x08000000, Size: 0x00003460, Max: 0x00010000, ABSOLUTE)

    Execution Region ER_IROM1 (Exec base: 0x08000000, Load base: 0x08000000, Size: 0x00003390, Max: 0x00010000, ABSOLUTE)

    Exec Addr    Load Addr    Size         Type   Attr      Idx    E Section Name        Object

    0x08000000   0x08000000   0x000000bc   Data   RO         3815    RESET               startup_stm32f051x8.o
    0x080000bc   0x080000bc   0x00000000   Code   RO         4116  * .ARM.Collect$$$$00000000  mc_p.l(entry.o)
    0x080000bc   0x080000bc   0x00000004   Code   RO         4139    .ARM.Collect$$$$00000001  mc_p.l(entry2.o)
    0x080000c0   0x080000c0   0x00000004   Code   RO         4142    .ARM.Collect$$$$00000004  mc_p.l(entry5.o)
    0x080000c4   0x080000c4   0x00000000   Code   RO         4144    .ARM.Collect$$$$00000008  mc_p.l(entry7b.o)
    0x080000c4   0x080000c4   0x00000000   Code   RO         4146    .ARM.Collect$$$$0000000A  mc_p.l(entry8b.o)
    0x080000c4   0x080000c4   0x00000008   Code   RO         4147    .ARM.Collect$$$$0000000B  mc_p.l(entry9a.o)
    0x080000cc   0x080000cc   0x00000000   Code   RO         4149    .ARM.Collect$$$$0000000D  mc_p.l(entry10a.o)
    0x080000cc   0x080000cc   0x00000000   Code   RO         4151    .ARM.Collect$$$$0000000F  mc_p.l(entry11a.o)
    0x080000cc   0x080000cc   0x00000004   Code   RO         4140    .ARM.Collect$$$$00002712  mc_p.l(entry2.o)
    0x080000d0   0x080000d0   0x00000078   Code   RO         3229    .emb_text           port.o
    0x08000148   0x08000148   0x0000001c   Code   RO         3816    .text               startup_stm32f051x8.o
    0x08000164   0x08000164   0x0000002c   Code   RO         4119    .text               mc_p.l(uidiv.o)
    0x08000190   0x08000190   0x00000024   Code   RO         4123    .text               mc_p.l(memcpya.o)
    0x080001b4   0x080001b4   0x00000018   Code   RO         4127    .text               mc_p.l(strcat.o)
    0x080001cc   0x080001cc   0x00000028   Code   RO         4129    .text               mc_p.l(strstr.o)
    0x080001f4   0x080001f4   0x0000000e   Code   RO         4131    .text               mc_p.l(strlen.o)
    0x08000202   0x08000202   0x0000001c   Code   RO         4133    .text               mc_p.l(strcmp.o)
    0x0800021e   0x0800021e   0x00000012   Code   RO         4135    .text               mc_p.l(strcpy.o)
    0x08000230   0x08000230   0x00000024   Code   RO         4153    .text               mc_p.l(init.o)
    0x08000254   0x08000254   0x00000054   Code   RO         4050    i.Call              sms.o
    0x080002a8   0x080002a8   0x00000048   Code   RO          742    i.HAL_DMA_Abort_IT  stm32f0xx_hal_dma.o
    0x080002f0   0x080002f0   0x00000148   Code   RO         1110    i.HAL_GPIO_Init     stm32f0xx_hal_gpio.o
    0x08000438   0x08000438   0x0000000a   Code   RO         1112    i.HAL_GPIO_ReadPin  stm32f0xx_hal_gpio.o
    0x08000442   0x08000442   0x00000008   Code   RO         1113    i.HAL_GPIO_TogglePin  stm32f0xx_hal_gpio.o
    0x0800044a   0x0800044a   0x0000000c   Code   RO         1114    i.HAL_GPIO_WritePin  stm32f0xx_hal_gpio.o
    0x08000456   0x08000456   0x00000002   PAD
    0x08000458   0x08000458   0x0000000c   Code   RO         2149    i.HAL_GetTick       stm32f0xx_hal.o
    0x08000464   0x08000464   0x00000010   Code   RO         2153    i.HAL_IncTick       stm32f0xx_hal.o
    0x08000474   0x08000474   0x00000020   Code   RO         2154    i.HAL_Init          stm32f0xx_hal.o
    0x08000494   0x08000494   0x00000078   Code   RO         3964    i.HAL_InitTick      stm32f0xx_hal_timebase_tim.o
    0x0800050c   0x0800050c   0x00000038   Code   RO         4018    i.HAL_MspInit       stm32f0xx_hal_msp.o
    0x08000544   0x08000544   0x00000014   Code   RO         1171    i.HAL_NVIC_EnableIRQ  stm32f0xx_hal_cortex.o
    0x08000558   0x08000558   0x00000008   Code   RO         1175    i.HAL_NVIC_SetPriority  stm32f0xx_hal_cortex.o
    0x08000560   0x08000560   0x0000012c   Code   RO          917    i.HAL_RCC_ClockConfig  stm32f0xx_hal_rcc.o
    0x0800068c   0x0800068c   0x00000038   Code   RO          921    i.HAL_RCC_GetClockConfig  stm32f0xx_hal_rcc.o
    0x080006c4   0x080006c4   0x0000000c   Code   RO          922    i.HAL_RCC_GetHCLKFreq  stm32f0xx_hal_rcc.o
    0x080006d0   0x080006d0   0x00000020   Code   RO          924    i.HAL_RCC_GetPCLK1Freq  stm32f0xx_hal_rcc.o
    0x080006f0   0x080006f0   0x00000078   Code   RO          925    i.HAL_RCC_GetSysClockFreq  stm32f0xx_hal_rcc.o
    0x08000768   0x08000768   0x00000354   Code   RO          928    i.HAL_RCC_OscConfig  stm32f0xx_hal_rcc.o
    0x08000abc   0x08000abc   0x00000018   Code   RO         1177    i.HAL_SYSTICK_CLKSourceConfig  stm32f0xx_hal_cortex.o
    0x08000ad4   0x08000ad4   0x00000030   Code   RO         1179    i.HAL_SYSTICK_Config  stm32f0xx_hal_cortex.o
    0x08000b04   0x08000b04   0x00000002   Code   RO         1263    i.HAL_TIMEx_BreakCallback  stm32f0xx_hal_tim_ex.o
    0x08000b06   0x08000b06   0x00000002   Code   RO         1264    i.HAL_TIMEx_CommutationCallback  stm32f0xx_hal_tim_ex.o
    0x08000b08   0x08000b08   0x00000034   Code   RO            5    i.HAL_TIM_Base_Init  stm32f0xx_hal_tim.o
    0x08000b3c   0x08000b3c   0x00000002   Code   RO            7    i.HAL_TIM_Base_MspInit  stm32f0xx_hal_tim.o
    0x08000b3e   0x08000b3e   0x00000016   Code   RO           10    i.HAL_TIM_Base_Start_IT  stm32f0xx_hal_tim.o
    0x08000b54   0x08000b54   0x00000002   Code   RO           36    i.HAL_TIM_IC_CaptureCallback  stm32f0xx_hal_tim.o
    0x08000b56   0x08000b56   0x00000162   Code   RO           49    i.HAL_TIM_IRQHandler  stm32f0xx_hal_tim.o
    0x08000cb8   0x08000cb8   0x00000002   Code   RO           52    i.HAL_TIM_OC_DelayElapsedCallback  stm32f0xx_hal_tim.o
    0x08000cba   0x08000cba   0x00000002   Code   RO           79    i.HAL_TIM_PWM_PulseFinishedCallback  stm32f0xx_hal_tim.o
    0x08000cbc   0x08000cbc   0x00000014   Code   RO         3870    i.HAL_TIM_PeriodElapsedCallback  main.o
    0x08000cd0   0x08000cd0   0x00000002   Code   RO           90    i.HAL_TIM_TriggerCallback  stm32f0xx_hal_tim.o
    0x08000cd2   0x08000cd2   0x00000002   Code   RO         2284    i.HAL_UARTEx_WakeupCallback  stm32f0xx_hal_uart_ex.o
    0x08000cd4   0x08000cd4   0x00000002   Code   RO         2359    i.HAL_UART_ErrorCallback  stm32f0xx_hal_uart.o
    0x08000cd6   0x08000cd6   0x00000002   PAD
    0x08000cd8   0x08000cd8   0x00000134   Code   RO         2362    i.HAL_UART_IRQHandler  stm32f0xx_hal_uart.o
    0x08000e0c   0x08000e0c   0x0000006c   Code   RO         2363    i.HAL_UART_Init     stm32f0xx_hal_uart.o
    0x08000e78   0x08000e78   0x00000058   Code   RO         4020    i.HAL_UART_MspInit  stm32f0xx_hal_msp.o
    0x08000ed0   0x08000ed0   0x00000088   Code   RO         2368    i.HAL_UART_Receive_IT  stm32f0xx_hal_uart.o
    0x08000f58   0x08000f58   0x00000030   Code   RO         3871    i.HAL_UART_RxCpltCallback  main.o
    0x08000f88   0x08000f88   0x00000058   Code   RO         2373    i.HAL_UART_Transmit_IT  stm32f0xx_hal_uart.o
    0x08000fe0   0x08000fe0   0x00000002   Code   RO         2374    i.HAL_UART_TxCpltCallback  stm32f0xx_hal_uart.o
    0x08000fe2   0x08000fe2   0x00000002   PAD
    0x08000fe4   0x08000fe4   0x000000e8   Code   RO         3872    i.MX_GPIO_Init      main.o
    0x080010cc   0x080010cc   0x00000038   Code   RO         3873    i.MX_USART2_UART_Init  main.o
    0x08001104   0x08001104   0x00000050   Code   RO         4051    i.MonitoringRing    sms.o
    0x08001154   0x08001154   0x00000044   Code   RO         1181    i.NVIC_SetPriority  stm32f0xx_hal_cortex.o
    0x08001198   0x08001198   0x00000080   Code   RO         4052    i.Neoway_init       sms.o
    0x08001218   0x08001218   0x00000002   Code   RO         3998    i.PostSleepProcessing  freertos.o
    0x0800121a   0x0800121a   0x00000002   Code   RO         3999    i.PreSleepProcessing  freertos.o
    0x0800121c   0x0800121c   0x000000bc   Code   RO         4053    i.Read_SMS          sms.o
    0x080012d8   0x080012d8   0x0000004c   Code   RO         4054    i.RecieveData       sms.o
    0x08001324   0x08001324   0x00000002   Code   RO         3230    i.SVC_Handler       port.o
    0x08001326   0x08001326   0x00000002   PAD
    0x08001328   0x08001328   0x00000074   Code   RO         4055    i.Send_SMS          sms.o
    0x0800139c   0x0800139c   0x00000008   Code   RO         3822    i.SysTick_Handler   stm32f0xx_it.o
    0x080013a4   0x080013a4   0x0000005c   Code   RO         3874    i.SystemClock_Config  main.o
    0x08001400   0x08001400   0x0000005c   Code   RO         2678    i.SystemInit        system_stm32f0xx.o
    0x0800145c   0x0800145c   0x00000010   Code   RO         3823    i.TIM17_IRQHandler  stm32f0xx_it.o
    0x0800146c   0x0800146c   0x00000094   Code   RO           91    i.TIM_Base_SetConfig  stm32f0xx_hal_tim.o
    0x08001500   0x08001500   0x00000008   Code   RO         3875    i.Task_Admin        main.o
    0x08001508   0x08001508   0x00000454   Code   RO         3876    i.Task_Main         main.o
    0x0800195c   0x0800195c   0x00000040   Code   RO         3877    i.Task_SMS          main.o
    0x0800199c   0x0800199c   0x000001c8   Code   RO         3878    i.Task_Sensors      main.o
    0x08001b64   0x08001b64   0x00000044   Code   RO         3879    i.Task_pick         main.o
    0x08001ba8   0x08001ba8   0x000000ca   Code   RO         2376    i.UART_AdvFeatureConfig  stm32f0xx_hal_uart.o
    0x08001c72   0x08001c72   0x00000002   PAD
    0x08001c74   0x08001c74   0x00000068   Code   RO         2377    i.UART_CheckIdleState  stm32f0xx_hal_uart.o
    0x08001cdc   0x08001cdc   0x00000014   Code   RO         2378    i.UART_DMAAbortOnError  stm32f0xx_hal_uart.o
    0x08001cf0   0x08001cf0   0x0000001e   Code   RO         2388    i.UART_EndRxTransfer  stm32f0xx_hal_uart.o
    0x08001d0e   0x08001d0e   0x0000001a   Code   RO         2389    i.UART_EndTransmit_IT  stm32f0xx_hal_uart.o
    0x08001d28   0x08001d28   0x0000007a   Code   RO         2391    i.UART_Receive_IT   stm32f0xx_hal_uart.o
    0x08001da2   0x08001da2   0x00000002   PAD
    0x08001da4   0x08001da4   0x00000130   Code   RO         2392    i.UART_SetConfig    stm32f0xx_hal_uart.o
    0x08001ed4   0x08001ed4   0x00000066   Code   RO         2393    i.UART_Transmit_IT  stm32f0xx_hal_uart.o
    0x08001f3a   0x08001f3a   0x00000062   Code   RO         2394    i.UART_WaitOnFlagUntilTimeout  stm32f0xx_hal_uart.o
    0x08001f9c   0x08001f9c   0x00000010   Code   RO         3824    i.USART2_IRQHandler  stm32f0xx_it.o
    0x08001fac   0x08001fac   0x0000001a   Code   RO          637    i.__ARM_common_switch8  stm32f0xx_hal_tim.o
    0x08001fc6   0x08001fc6   0x0000000e   Code   RO         4157    i.__scatterload_copy  mc_p.l(handlers.o)
    0x08001fd4   0x08001fd4   0x00000002   Code   RO         4158    i.__scatterload_null  mc_p.l(handlers.o)
    0x08001fd6   0x08001fd6   0x0000000e   Code   RO         4159    i.__scatterload_zeroinit  mc_p.l(handlers.o)
    0x08001fe4   0x08001fe4   0x00000030   Code   RO         2709    i.eTaskConfirmSleepModeStatus  tasks.o
    0x08002014   0x08002014   0x000000ec   Code   RO         3881    i.main              main.o
    0x08002100   0x08002100   0x0000000c   Code   RO         3452    i.makeFreeRtosPriority  cmsis_os.o
    0x0800210c   0x0800210c   0x00000010   Code   RO         3454    i.osDelay           cmsis_os.o
    0x0800211c   0x0800211c   0x0000000a   Code   RO         3457    i.osKernelStart     cmsis_os.o
    0x08002126   0x08002126   0x0000000c   Code   RO         3466    i.osMessageCreate   cmsis_os.o
    0x08002132   0x08002132   0x0000002a   Code   RO         3483    i.osSemaphoreCreate  cmsis_os.o
    0x0800215c   0x0800215c   0x00000010   Code   RO         3490    i.osSystickHandler  cmsis_os.o
    0x0800216c   0x0800216c   0x0000002e   Code   RO         3491    i.osThreadCreate    cmsis_os.o
    0x0800219a   0x0800219a   0x00000002   PAD
    0x0800219c   0x0800219c   0x00000058   Code   RO         2711    i.prvAddCurrentTaskToDelayedList  tasks.o
    0x080021f4   0x080021f4   0x000000b8   Code   RO         2712    i.prvAddNewTaskToReadyList  tasks.o
    0x080022ac   0x080022ac   0x00000050   Code   RO         2713    i.prvCheckTasksWaitingTermination  tasks.o
    0x080022fc   0x080022fc   0x00000026   Code   RO         3306    i.prvCopyDataFromQueue  queue.o
    0x08002322   0x08002322   0x00000070   Code   RO         3307    i.prvCopyDataToQueue  queue.o
    0x08002392   0x08002392   0x00000012   Code   RO         2714    i.prvDeleteTCB      tasks.o
    0x080023a4   0x080023a4   0x00000034   Code   RO         2715    i.prvGetExpectedIdleTime  tasks.o
    0x080023d8   0x080023d8   0x00000048   Code   RO         3076    i.prvHeapInit       heap_4.o
    0x08002420   0x08002420   0x00000044   Code   RO         2716    i.prvIdleTask       tasks.o
    0x08002464   0x08002464   0x0000007c   Code   RO         2717    i.prvInitialiseNewTask  tasks.o
    0x080024e0   0x080024e0   0x0000004c   Code   RO         3077    i.prvInsertBlockIntoFreeList  heap_4.o
    0x0800252c   0x0800252c   0x0000001c   Code   RO         3308    i.prvIsQueueEmpty   queue.o
    0x08002548   0x08002548   0x00000020   Code   RO         2718    i.prvResetNextTaskUnblockTime  tasks.o
    0x08002568   0x08002568   0x00000014   Code   RO         3231    i.prvTaskExitError  port.o
    0x0800257c   0x0800257c   0x00000070   Code   RO         3309    i.prvUnlockQueue    queue.o
    0x080025ec   0x080025ec   0x000000b0   Code   RO         3078    i.pvPortMalloc      heap_4.o
    0x0800269c   0x0800269c   0x00000018   Code   RO         2720    i.pvTaskIncrementMutexHeldCount  tasks.o
    0x080026b4   0x080026b4   0x00000020   Code   RO         3232    i.pxPortInitialiseStack  port.o
    0x080026d4   0x080026d4   0x000000b4   Code   RO         4056    i.toNeoway          sms.o
    0x08002788   0x08002788   0x00000024   Code   RO         3193    i.uxListRemove      list.o
    0x080027ac   0x080027ac   0x00000016   Code   RO         3194    i.vListInitialise   list.o
    0x080027c2   0x080027c2   0x00000006   Code   RO         3195    i.vListInitialiseItem  list.o
    0x080027c8   0x080027c8   0x00000030   Code   RO         3196    i.vListInsert       list.o
    0x080027f8   0x080027f8   0x00000018   Code   RO         3197    i.vListInsertEnd    list.o
    0x08002810   0x08002810   0x00000018   Code   RO         3234    i.vPortEnterCritical  port.o
    0x08002828   0x08002828   0x0000001c   Code   RO         3235    i.vPortExitCritical  port.o
    0x08002844   0x08002844   0x00000044   Code   RO         3079    i.vPortFree         heap_4.o
    0x08002888   0x08002888   0x00000050   Code   RO         3236    i.vPortSetupTimerInterrupt  port.o
    0x080028d8   0x080028d8   0x000000ec   Code   RO         3237    i.vPortSuppressTicksAndSleep  port.o
    0x080029c4   0x080029c4   0x00000018   Code   RO         3238    i.vPortYield        port.o
    0x080029dc   0x080029dc   0x00000030   Code   RO         2726    i.vTaskDelay        tasks.o
    0x08002a0c   0x08002a0c   0x0000000c   Code   RO         2730    i.vTaskMissedYield  tasks.o
    0x08002a18   0x08002a18   0x00000024   Code   RO         2732    i.vTaskPlaceOnEventList  tasks.o
    0x08002a3c   0x08002a3c   0x00000064   Code   RO         2734    i.vTaskPriorityInherit  tasks.o
    0x08002aa0   0x08002aa0   0x00000018   Code   RO         2737    i.vTaskSetTimeOutState  tasks.o
    0x08002ab8   0x08002ab8   0x0000004c   Code   RO         2738    i.vTaskStartScheduler  tasks.o
    0x08002b04   0x08002b04   0x0000001c   Code   RO         2739    i.vTaskStepTick     tasks.o
    0x08002b20   0x08002b20   0x00000010   Code   RO         2741    i.vTaskSuspendAll   tasks.o
    0x08002b30   0x08002b30   0x00000058   Code   RO         2742    i.vTaskSwitchContext  tasks.o
    0x08002b88   0x08002b88   0x00000030   Code   RO         3239    i.xPortStartScheduler  port.o
    0x08002bb8   0x08002bb8   0x00000024   Code   RO         3240    i.xPortSysTickHandler  port.o
    0x08002bdc   0x08002bdc   0x00000024   Code   RO         3316    i.xQueueCreateCountingSemaphore  queue.o
    0x08002c00   0x08002c00   0x0000003e   Code   RO         3318    i.xQueueGenericCreate  queue.o
    0x08002c3e   0x08002c3e   0x00000138   Code   RO         3319    i.xQueueGenericReceive  queue.o
    0x08002d76   0x08002d76   0x0000006c   Code   RO         3320    i.xQueueGenericReset  queue.o
    0x08002de2   0x08002de2   0x00000118   Code   RO         3321    i.xQueueGenericSend  queue.o
    0x08002efa   0x08002efa   0x0000008c   Code   RO         3322    i.xQueueGenericSendFromISR  queue.o
    0x08002f86   0x08002f86   0x00000002   PAD
    0x08002f88   0x08002f88   0x00000054   Code   RO         2743    i.xTaskCheckForTimeOut  tasks.o
    0x08002fdc   0x08002fdc   0x0000004e   Code   RO         2744    i.xTaskCreate       tasks.o
    0x0800302a   0x0800302a   0x00000002   PAD
    0x0800302c   0x0800302c   0x00000020   Code   RO         2748    i.xTaskGetSchedulerState  tasks.o
    0x0800304c   0x0800304c   0x000000bc   Code   RO         2751    i.xTaskIncrementTick  tasks.o
    0x08003108   0x08003108   0x00000068   Code   RO         2754    i.xTaskPriorityDisinherit  tasks.o
    0x08003170   0x08003170   0x00000068   Code   RO         2755    i.xTaskRemoveFromEventList  tasks.o
    0x080031d8   0x080031d8   0x000000ac   Code   RO         2757    i.xTaskResumeAll    tasks.o
    0x08003284   0x08003284   0x00000010   Data   RO         2679    .constdata          system_stm32f0xx.o
    0x08003294   0x08003294   0x00000008   Data   RO         2680    .constdata          system_stm32f0xx.o
    0x0800329c   0x0800329c   0x00000084   Data   RO         3883    .constdata          main.o
    0x08003320   0x08003320   0x00000029   Data   RO         4058    .constdata          sms.o
    0x08003349   0x08003349   0x00000003   PAD
    0x0800334c   0x0800334c   0x00000024   Data   RO         3884    .conststring        main.o
    0x08003370   0x08003370   0x00000020   Data   RO         4155    Region$$Table       anon$$obj.o


    Execution Region RW_IRAM1 (Exec base: 0x20000000, Load base: 0x08003390, Size: 0x00001ea8, Max: 0x00002000, ABSOLUTE)

    Exec Addr    Load Addr    Size         Type   Attr      Idx    E Section Name        Object

    0x20000000   0x08003390   0x00000004   Data   RW         2160    .data               stm32f0xx_hal.o
    0x20000004   0x08003394   0x00000004   Data   RW         2681    .data               system_stm32f0xx.o
    0x20000008   0x08003398   0x0000003c   Data   RW         2760    .data               tasks.o
    0x20000044   0x080033d4   0x00000018   Data   RW         3084    .data               heap_4.o
    0x2000005c   0x080033ec   0x00000010   Data   RW         3241    .data               port.o
    0x2000006c   0x080033fc   0x00000058   Data   RW         3885    .data               main.o
    0x200000c4   0x08003454   0x0000000b   Data   RW         3886    .data               main.o
    0x200000cf   0x0800345f   0x00000001   PAD
    0x200000d0        -       0x000000f0   Zero   RW         2759    .bss                tasks.o
    0x200001c0        -       0x00001770   Zero   RW         3083    .bss                heap_4.o
    0x20001930        -       0x00000070   Zero   RW         3882    .bss                main.o
    0x200019a0        -       0x00000040   Zero   RW         3967    .bss                stm32f0xx_hal_timebase_tim.o
    0x200019e0        -       0x000000c8   Zero   RW         4057    .bss                sms.o
    0x20001aa8        -       0x00000400   Zero   RW         3813    STACK               startup_stm32f051x8.o


==============================================================================

Image component sizes


      Code (inc. data)   RO Data    RW Data    ZI Data      Debug   Object Name

       154          0          0          0          0      10510   cmsis_os.o
         4          0          0          0          0       1067   freertos.o
       392         28          0         24       6000       3895   heap_4.o
       136          0          0          0          0       3082   list.o
      2388        128        168         99        112      11257   main.o
       650         74          0         16          0       8030   port.o
      1228          0          0          0          0      11001   queue.o
       852        260         41          0        200       4281   sms.o
        28          8        188          0       1024        552   startup_stm32f051x8.o
        60         18          0          4          0       2236   stm32f0xx_hal.o
       168         28          0          0          0       9207   stm32f0xx_hal_cortex.o
        72          0          0          0          0       1003   stm32f0xx_hal_dma.o
       358         26          0          0          0       3200   stm32f0xx_hal_gpio.o
       144         16          0          0          0       1313   stm32f0xx_hal_msp.o
      1372        104          0          0          0       5306   stm32f0xx_hal_rcc.o
       612         24          0          0          0     312324   stm32f0xx_hal_tim.o
         4          0          0          0          0       1414   stm32f0xx_hal_tim_ex.o
       120         20          0          0         64       1301   stm32f0xx_hal_timebase_tim.o
      1652         40          0          0          0      10830   stm32f0xx_hal_uart.o
         2          0          0          0          0        888   stm32f0xx_hal_uart_ex.o
        40         12          0          0          0       4625   stm32f0xx_it.o
        92         14         24          4          0        991   system_stm32f0xx.o
      1908        162          0         60        240      33659   tasks.o
         0          0          0          0          0       2468   timers.o

    ----------------------------------------------------------------------
     12454        962        456        208       7640     444440   Object Totals
         0          0         32          0          0          0   (incl. Generated)
        18          0          3          1          0          0   (incl. Padding)

    ----------------------------------------------------------------------

      Code (inc. data)   RO Data    RW Data    ZI Data      Debug   Library Member Name

         0          0          0          0          0          0   entry.o
         0          0          0          0          0          0   entry10a.o
         0          0          0          0          0          0   entry11a.o
         8          4          0          0          0          0   entry2.o
         4          0          0          0          0          0   entry5.o
         0          0          0          0          0          0   entry7b.o
         0          0          0          0          0          0   entry8b.o
         8          4          0          0          0          0   entry9a.o
        30          0          0          0          0          0   handlers.o
        36          8          0          0          0         68   init.o
        36          0          0          0          0         60   memcpya.o
        24          0          0          0          0         60   strcat.o
        28          0          0          0          0         68   strcmp.o
        18          0          0          0          0         60   strcpy.o
        14          0          0          0          0         60   strlen.o
        40          0          0          0          0         72   strstr.o
        44          0          0          0          0         72   uidiv.o

    ----------------------------------------------------------------------
       290         16          0          0          0        520   Library Totals
         0          0          0          0          0          0   (incl. Padding)

    ----------------------------------------------------------------------

      Code (inc. data)   RO Data    RW Data    ZI Data      Debug   Library Name

       290         16          0          0          0        520   mc_p.l

    ----------------------------------------------------------------------
       290         16          0          0          0        520   Library Totals

    ----------------------------------------------------------------------

==============================================================================


      Code (inc. data)   RO Data    RW Data    ZI Data      Debug   

     12744        978        456        208       7640     439032   Grand Totals
     12744        978        456        208       7640     439032   ELF Image Totals
     12744        978        456        208          0          0   ROM Totals

==============================================================================

    Total RO  Size (Code + RO Data)                13200 (  12.89kB)
    Total RW  Size (RW Data + ZI Data)              7848 (   7.66kB)
    Total ROM Size (Code + RO Data + RW Data)      13408 (  13.09kB)

==============================================================================

